mpu_armv7.h:191:22:ARM_MPU_Enable	16	static
mpu_armv7.h:203:22:ARM_MPU_Disable	4	static
fsl_clock.h:2173:24:CLOCK_GetRootClockMux	16	static
fsl_clock.h:2216:24:CLOCK_GetRootClockDiv	16	static
fsl_clock.h:2281:20:CLOCK_SetRootClock	16	static
fsl_clock.h:2372:24:CLOCK_GetRootClockFreq	664	static
board.c:27:10:BOARD_DebugConsoleSrcFreq	8	static
board.c:39:6:BOARD_InitDebugConsole	16	static
board.c:46:6:BOARD_LPI2C_Init	48	static
board.c:64:10:BOARD_LPI2C_Send	48	static
board.c:84:10:BOARD_LPI2C_Receive	48	static
board.c:104:10:BOARD_LPI2C_SendSCCB	48	static
board.c:124:10:BOARD_LPI2C_ReceiveSCCB	56	static
board.c:157:6:BOARD_Accel_I2C_Init	8	static
board.c:162:10:BOARD_Accel_I2C_Send	40	static
board.c:169:10:BOARD_Accel_I2C_Receive	32	static
board.c:175:6:BOARD_Codec_I2C_Init	8	static
board.c:180:10:BOARD_Codec_I2C_Send	32	static
board.c:187:10:BOARD_Codec_I2C_Receive	32	static
board.c:193:6:BOARD_Camera_I2C_Init	16	static
board.c:208:10:BOARD_Camera_I2C_Send	32	static
board.c:215:10:BOARD_Camera_I2C_Receive	32	static
board.c:222:10:BOARD_Camera_I2C_SendSCCB	32	static
board.c:229:10:BOARD_Camera_I2C_ReceiveSCCB	32	static
board.c:236:6:BOARD_MIPIPanelTouch_I2C_Init	16	static
board.c:252:10:BOARD_MIPIPanelTouch_I2C_Send	32	static
board.c:259:10:BOARD_MIPIPanelTouch_I2C_Receive	32	static
board.c:269:6:BOARD_ConfigMPU	48	static
board.c:546:6:BOARD_SD_Pin_Config	16	static
board.c:550:6:BOARD_MMC_Pin_Config	16	static
