fsl_clock.h:2372:24:CLOCK_GetRootClockFreq	648	static
board.c:27:10:BOARD_DebugConsoleSrcFreq	0	static
board.c:39:6:BOARD_InitDebugConsole	8	static
board.c:46:6:BOARD_LPI2C_Init	48	static
board.c:64:10:BOARD_LPI2C_Send	40	static
board.c:84:10:BOARD_LPI2C_Receive	48	static
board.c:104:10:BOARD_LPI2C_SendSCCB	4	static
board.c:124:10:BOARD_LPI2C_ReceiveSCCB	40	static
board.c:157:6:BOARD_Accel_I2C_Init	8	static
board.c:162:10:BOARD_Accel_I2C_Send	48	static
board.c:169:10:BOARD_Accel_I2C_Receive	40	static
board.c:175:6:BOARD_Codec_I2C_Init	0	static
board.c:180:10:BOARD_Codec_I2C_Send	40	static
board.c:187:10:BOARD_Codec_I2C_Receive	4	static
board.c:193:6:BOARD_Camera_I2C_Init	8	static
board.c:208:10:BOARD_Camera_I2C_Send	40	static
board.c:215:10:BOARD_Camera_I2C_Receive	40	static
board.c:222:10:BOARD_Camera_I2C_SendSCCB	4	static
board.c:229:10:BOARD_Camera_I2C_ReceiveSCCB	24	static
board.c:236:6:BOARD_MIPIPanelTouch_I2C_Init	8	static
board.c:252:10:BOARD_MIPIPanelTouch_I2C_Send	4	static
board.c:259:10:BOARD_MIPIPanelTouch_I2C_Receive	4	static
board.c:269:6:BOARD_ConfigMPU	24	static
board.c:546:6:BOARD_SD_Pin_Config	0	static
board.c:550:6:BOARD_MMC_Pin_Config	0	static
