core_cm7.h:1902:22:__NVIC_EnableIRQ	16	static
core_cm7.h:1993:22:__NVIC_ClearPendingIRQ	16	static
core_cm7.h:2032:22:__NVIC_SetPriority	16	static
fsl_clock.h:2173:24:CLOCK_GetRootClockMux	16	static
fsl_clock.h:2216:24:CLOCK_GetRootClockDiv	16	static
fsl_clock.h:2281:20:CLOCK_SetRootClock	16	static
fsl_clock.h:2302:20:CLOCK_ControlGate	16	static
fsl_clock.h:2320:20:CLOCK_EnableClock	16	static
fsl_clock.h:2372:24:CLOCK_GetRootClockFreq	664	static
fsl_common.h:747:28:EnableIRQ	24	static
display_support.c:196:13:BOARD_PullPanelResetPin	16	static
display_support.c:208:13:BOARD_PullPanelPowerPin	16	static
display_support.c:220:17:BOARD_DSI_Transfer	16	static
display_support.c:225:13:BOARD_InitLcdifClock	16	static
display_support.c:258:13:BOARD_InitMipiDsiClock	48	static
display_support.c:302:17:BOARD_InitLcdPanel	48	static
display_support.c:340:13:BOARD_SetMipiDsiConfig	88	static
display_support.c:399:10:BOARD_InitDisplayInterface	8	static
display_support.c:438:6:LCDIF2_IRQHandler	8	static
display_support.c:449:10:BOARD_VerifyDisplayClockSource	16	static
display_support.c:473:10:BOARD_PrepareDisplayController	16	static
