sdmmc_config.c:63:6:BOARD_SDCardGetDetectStatus	0	static
sdmmc_config.c:81:6:BOARD_SDCardDAT3PullFunction	0	static
sdmmc_config.c:147:6:BOARD_SDCardPowerControl	0	static
fsl_clock.h:2372:24:CLOCK_GetRootClockFreq.constprop	640	static
sdmmc_config.c:41:10:BOARD_USDHC1ClockConfiguration	32	static
sdmmc_config.c:68:6:GPIO3_Combined_16_31_IRQHandler	8	static
sdmmc_config.c:94:6:BOARD_SDCardDetectInit	12	static
sdmmc_config.c:137:6:BOARD_SDCardPowerResetInit	16	static
sdmmc_config.c:166:6:BOARD_SD_Config	40	static
