Archive member included to satisfy reference by file (symbol)

c:/nxp/mcuxpressoide_11.2.1_4149/ide/plugins/com.nxp.mcuxpresso.tools.win32_11.2.0.202008311134/tools/bin/../lib/gcc/arm-none-eabi/9.2.1/../../../../arm-none-eabi/lib/thumb/v7e-m+dp/hard\libcr_nohost_nf.a(_cr__main.o)
                              ./startup/startup_mimxrt1176_cm7.o (__main)
c:/nxp/mcuxpressoide_11.2.1_4149/ide/plugins/com.nxp.mcuxpresso.tools.win32_11.2.0.202008311134/tools/bin/../lib/gcc/arm-none-eabi/9.2.1/../../../../arm-none-eabi/lib/thumb/v7e-m+dp/hard\libcr_c.a(memcpy.o)
                              ./utilities/fsl_str.o (memcpy)
c:/nxp/mcuxpressoide_11.2.1_4149/ide/plugins/com.nxp.mcuxpresso.tools.win32_11.2.0.202008311134/tools/bin/../lib/gcc/arm-none-eabi/9.2.1/../../../../arm-none-eabi/lib/thumb/v7e-m+dp/hard\libcr_c.a(memset.o)
                              ./video/fsl_video_common.o (memset)
c:/nxp/mcuxpressoide_11.2.1_4149/ide/plugins/com.nxp.mcuxpresso.tools.win32_11.2.0.202008311134/tools/bin/../lib/gcc/arm-none-eabi/9.2.1/../../../../arm-none-eabi/lib/thumb/v7e-m+dp/hard\libcr_c.a(alloc.o)
                              ./drivers/fsl_common.o (malloc)
c:/nxp/mcuxpressoide_11.2.1_4149/ide/plugins/com.nxp.mcuxpresso.tools.win32_11.2.0.202008311134/tools/bin/../lib/gcc/arm-none-eabi/9.2.1/../../../../arm-none-eabi/lib/thumb/v7e-m+dp/hard\libcr_c.a(errno.o)
                              ./utilities/fsl_str.o (errno)
c:/nxp/mcuxpressoide_11.2.1_4149/ide/plugins/com.nxp.mcuxpresso.tools.win32_11.2.0.202008311134/tools/bin/../lib/gcc/arm-none-eabi/9.2.1/../../../../arm-none-eabi/lib/thumb/v7e-m+dp/hard\libcr_c.a(initio.o)
                              c:/nxp/mcuxpressoide_11.2.1_4149/ide/plugins/com.nxp.mcuxpresso.tools.win32_11.2.0.202008311134/tools/bin/../lib/gcc/arm-none-eabi/9.2.1/../../../../arm-none-eabi/lib/thumb/v7e-m+dp/hard\libcr_nohost_nf.a(_cr__main.o) (_initio)
c:/nxp/mcuxpressoide_11.2.1_4149/ide/plugins/com.nxp.mcuxpresso.tools.win32_11.2.0.202008311134/tools/bin/../lib/gcc/arm-none-eabi/9.2.1/../../../../arm-none-eabi/lib/thumb/v7e-m+dp/hard\libcr_c.a(scanf.o)
                              ./utilities/fsl_str.o (strtoul)
c:/nxp/mcuxpressoide_11.2.1_4149/ide/plugins/com.nxp.mcuxpresso.tools.win32_11.2.0.202008311134/tools/bin/../lib/gcc/arm-none-eabi/9.2.1/../../../../arm-none-eabi/lib/thumb/v7e-m+dp/hard\libcr_c.a(setvbuf.o)
                              c:/nxp/mcuxpressoide_11.2.1_4149/ide/plugins/com.nxp.mcuxpresso.tools.win32_11.2.0.202008311134/tools/bin/../lib/gcc/arm-none-eabi/9.2.1/../../../../arm-none-eabi/lib/thumb/v7e-m+dp/hard\libcr_c.a(initio.o) (setvbuf)
c:/nxp/mcuxpressoide_11.2.1_4149/ide/plugins/com.nxp.mcuxpresso.tools.win32_11.2.0.202008311134/tools/bin/../lib/gcc/arm-none-eabi/9.2.1/../../../../arm-none-eabi/lib/thumb/v7e-m+dp/hard\libcr_c.a(strlen.o)
                              ./utilities/fsl_str.o (strlen)
c:/nxp/mcuxpressoide_11.2.1_4149/ide/plugins/com.nxp.mcuxpresso.tools.win32_11.2.0.202008311134/tools/bin/../lib/gcc/arm-none-eabi/9.2.1/../../../../arm-none-eabi/lib/thumb/v7e-m+dp/hard\libcr_c.a(ungetc.o)
                              c:/nxp/mcuxpressoide_11.2.1_4149/ide/plugins/com.nxp.mcuxpresso.tools.win32_11.2.0.202008311134/tools/bin/../lib/gcc/arm-none-eabi/9.2.1/../../../../arm-none-eabi/lib/thumb/v7e-m+dp/hard\libcr_c.a(scanf.o) (ungetc)
c:/nxp/mcuxpressoide_11.2.1_4149/ide/plugins/com.nxp.mcuxpresso.tools.win32_11.2.0.202008311134/tools/bin/../lib/gcc/arm-none-eabi/9.2.1/../../../../arm-none-eabi/lib/thumb/v7e-m+dp/hard\libcr_c.a(__fillbuf.o)
                              c:/nxp/mcuxpressoide_11.2.1_4149/ide/plugins/com.nxp.mcuxpresso.tools.win32_11.2.0.202008311134/tools/bin/../lib/gcc/arm-none-eabi/9.2.1/../../../../arm-none-eabi/lib/thumb/v7e-m+dp/hard\libcr_c.a(scanf.o) (__filbuf)
c:/nxp/mcuxpressoide_11.2.1_4149/ide/plugins/com.nxp.mcuxpresso.tools.win32_11.2.0.202008311134/tools/bin/../lib/gcc/arm-none-eabi/9.2.1/../../../../arm-none-eabi/lib/thumb/v7e-m+dp/hard\libcr_c.a(__init_alloc.o)
                              c:/nxp/mcuxpressoide_11.2.1_4149/ide/plugins/com.nxp.mcuxpresso.tools.win32_11.2.0.202008311134/tools/bin/../lib/gcc/arm-none-eabi/9.2.1/../../../../arm-none-eabi/lib/thumb/v7e-m+dp/hard\libcr_c.a(alloc.o) (__heaps)
c:/nxp/mcuxpressoide_11.2.1_4149/ide/plugins/com.nxp.mcuxpresso.tools.win32_11.2.0.202008311134/tools/bin/../lib/gcc/arm-none-eabi/9.2.1/../../../../arm-none-eabi/lib/thumb/v7e-m+dp/hard\libcr_c.a(_cr_sbrk.o)
                              c:/nxp/mcuxpressoide_11.2.1_4149/ide/plugins/com.nxp.mcuxpresso.tools.win32_11.2.0.202008311134/tools/bin/../lib/gcc/arm-none-eabi/9.2.1/../../../../arm-none-eabi/lib/thumb/v7e-m+dp/hard\libcr_c.a(alloc.o) (_sbrk)
c:/nxp/mcuxpressoide_11.2.1_4149/ide/plugins/com.nxp.mcuxpresso.tools.win32_11.2.0.202008311134/tools/bin/../lib/gcc/arm-none-eabi/9.2.1/../../../../arm-none-eabi/lib/thumb/v7e-m+dp/hard\libcr_c.a(_deferredlazyseek.o)
[...]
Memory Configuration

Name             Origin             Length             Attributes
BOARD_FLASH      0x30000000         0x01000000         xr
SRAM_DTC_cm7     0x20000000         0x00040000         xrw
SRAM_ITC_cm7     0x00000000         0x00040000         xrw
SRAM_OC1         0x20240000         0x00080000         xrw
SRAM_OC2         0x202c0000         0x00080000         xrw
SRAM_OC_ECC1     0x20340000         0x00010000         xrw
SRAM_OC_ECC2     0x20350000         0x00010000         xrw
BOARD_SDRAM      0x80000000         0x03000000         xrw
NCACHE_REGION    0x83000000         0x01000000         xrw
*default*        0x00000000         0xffffffff

Linker script and memory map

LOAD ./xip/evkmimxrt1170_flexspi_nor_config.o
LOAD ./xip/fsl_flexspi_nor_boot.o
LOAD ./video/fsl_csi_camera_adapter.o
LOAD ./video/fsl_dc_fb_elcdif.o
LOAD ./video/fsl_dc_fb_lcdifv2.o
LOAD ./video/fsl_mipi_dsi_cmd.o
LOAD ./video/fsl_ov5640.o
LOAD ./video/fsl_rm68191.o
LOAD ./video/fsl_rm68200.o
LOAD ./video/fsl_sccb.o
LOAD ./video/fsl_video_common.o
LOAD ./utilities/fsl_assert.o
LOAD ./utilities/fsl_debug_console.o
LOAD ./utilities/fsl_str.o
LOAD ./startup/startup_mimxrt1176_cm7.o
LOAD ./source/csi_mipi_rgb.o
LOAD ./source/semihost_hardfault.o
LOAD ./drivers/fsl_anatop.o
LOAD ./drivers/fsl_anatop_ai.o
LOAD ./drivers/fsl_clock.o
LOAD ./drivers/fsl_common.o
LOAD ./drivers/fsl_csi.o
LOAD ./drivers/fsl_dcdc.o
LOAD ./drivers/fsl_elcdif.o
LOAD ./drivers/fsl_gpio.o
LOAD ./drivers/fsl_lcdifv2.o
LOAD ./drivers/fsl_lpi2c.o
LOAD ./drivers/fsl_lpuart.o
LOAD ./drivers/fsl_mipi_csi2rx.o
LOAD ./drivers/fsl_mipi_dsi.o
LOAD ./drivers/fsl_pmu.o
LOAD ./drivers/fsl_pxp.o
LOAD ./drivers/fsl_soc_mipi_csi2rx.o
LOAD ./drivers/fsl_soc_src.o
LOAD ./device/system_MIMXRT1176_cm7.o
LOAD ./component/uart/fsl_adapter_lpuart.o
LOAD ./component/serial_manager/fsl_component_serial_manager.o
LOAD ./component/serial_manager/fsl_component_serial_port_uart.o
LOAD ./component/lists/fsl_component_generic_list.o
LOAD ./board/board.o
LOAD ./board/camera_support.o
LOAD ./board/clock_config.o
LOAD ./board/dcd.o
LOAD ./board/display_support.o
LOAD ./board/pin_mux.o
START GROUP
LOAD c:/nxp/mcuxpressoide_11.2.1_4149/ide/plugins/com.nxp.mcuxpresso.tools.win32_11.2.0.202008311134/tools/bin/../lib/gcc/arm-none-eabi/9.2.1/../../../../arm-none-eabi/lib/thumb/v7e-m+dp/hard\libcr_nohost_nf.a
LOAD c:/nxp/mcuxpressoide_11.2.1_4149/ide/plugins/com.nxp.mcuxpresso.tools.win32_11.2.0.202008311134/tools/bin/../lib/gcc/arm-none-eabi/9.2.1/../../../../arm-none-eabi/lib/thumb/v7e-m+dp/hard\libcr_c.a
LOAD c:/nxp/mcuxpressoide_11.2.1_4149/ide/plugins/com.nxp.mcuxpresso.tools.win32_11.2.0.202008311134/tools/bin/../lib/gcc/arm-none-eabi/9.2.1/thumb/v7e-m+dp/hard\libcr_eabihelpers.a
LOAD c:/nxp/mcuxpressoide_11.2.1_4149/ide/plugins/com.nxp.mcuxpresso.tools.win32_11.2.0.202008311134/tools/bin/../lib/gcc/arm-none-eabi/9.2.1/thumb/v7e-m+dp/hard\libgcc.a
END GROUP
                0x30000000                __base_BOARD_FLASH = 0x30000000
                0x30000000                __base_Flash = 0x30000000
                0x31000000                __top_BOARD_FLASH = 0x31000000
                0x31000000                __top_Flash = 0x31000000
                0x20000000                __base_SRAM_DTC_cm7 = 0x20000000
                0x20000000                __base_RAM = 0x20000000
                0x20040000                __top_SRAM_DTC_cm7 = 0x20040000
                0x20040000                __top_RAM = 0x20040000
                0x00000000                __base_SRAM_ITC_cm7 = 0x0
                0x00000000                __base_RAM2 = 0x0
                0x00040000                __top_SRAM_ITC_cm7 = 0x40000
                0x00040000                __top_RAM2 = 0x40000
                0x20240000                __base_SRAM_OC1 = 0x20240000
                0x20240000                __base_RAM3 = 0x20240000
                0x202c0000                __top_SRAM_OC1 = 0x202c0000
                0x202c0000                __top_RAM3 = 0x202c0000
                0x202c0000                __base_SRAM_OC2 = 0x202c0000
                0x202c0000                __base_RAM4 = 0x202c0000
                0x20340000                __top_SRAM_OC2 = 0x20340000
                0x20340000                __top_RAM4 = 0x20340000
                0x20340000                __base_SRAM_OC_ECC1 = 0x20340000
                0x20340000                __base_RAM5 = 0x20340000
                0x20350000                __top_SRAM_OC_ECC1 = 0x20350000
                0x20350000                __top_RAM5 = 0x20350000
                0x20350000                __base_SRAM_OC_ECC2 = 0x20350000
                0x20350000                __base_RAM6 = 0x20350000
                0x20360000                __top_SRAM_OC_ECC2 = 0x20360000
                0x20360000                __top_RAM6 = 0x20360000
                0x80000000                __base_BOARD_SDRAM = 0x80000000
                0x80000000                __base_RAM7 = 0x80000000
                0x83000000                __top_BOARD_SDRAM = 0x83000000
                0x83000000                __top_RAM7 = 0x83000000
                0x83000000                __base_NCACHE_REGION = 0x83000000
                0x83000000                __base_RAM8 = 0x83000000
                0x84000000                __top_NCACHE_REGION = 0x84000000
                0x84000000                __top_RAM8 = 0x84000000

.boot_hdr       0x30000000     0x2000
 FILL mask 0xff
                0x00000400                . = 0x400
 *fill*         0x30000000      0x400 ff
                0x30000400                __boot_hdr_start__ = ABSOLUTE (.)
 *(SORT_BY_ALIGNMENT(.boot_hdr.conf))
 .boot_hdr.conf
                0x30000400      0x200 ./xip/evkmimxrt1170_flexspi_nor_config.o
                0x30000400                qspiflash_config
                0x00001000                . = 0x1000
 *fill*         0x30000600      0xa00 ff
                0x30001000                __boot_hdr_ivt_loadaddr__ = ABSOLUTE (.)
 *(SORT_BY_ALIGNMENT(.boot_hdr.ivt))
 .boot_hdr.ivt  0x30001000       0x20 ./xip/fsl_flexspi_nor_boot.o
                0x30001000                image_vector_table
                0x00001020                . = 0x1020
                0x30001020                __boot_hdr_boot_data_loadaddr__ = ABSOLUTE (.)
 *(SORT_BY_ALIGNMENT(.boot_hdr.boot_data))
 .boot_hdr.boot_data
                0x30001020       0x10 ./xip/fsl_flexspi_nor_boot.o
                0x30001020                boot_data
                0x00001030                . = 0x1030
                0x30001030                __boot_hdr_dcd_loadaddr__ = ABSOLUTE (.)
 *(SORT_BY_ALIGNMENT(.boot_hdr.dcd_data))
 .boot_hdr.dcd_data
                0x30001030      0x508 ./board/dcd.o
                0x30001030                dcd_data
                0x30001538                __boot_hdr_end__ = ABSOLUTE (.)
                0x00002000                . = 0x2000
 *fill*         0x30001538      0xac8 ff

.text           0x30002000     0xc58c
 FILL mask 0xff
                0x30002000                __vectors_start__ = ABSOLUTE (.)
 *(SORT_BY_ALIGNMENT(.isr_vector))
 .isr_vector    0x30002000      0x3a8 ./startup/startup_mimxrt1176_cm7.o
                0x30002000                g_pfnVectors
                0x30002000                __Vectors
                0x300023a8                . = ALIGN (0x4)
                0x300023a8                __section_table_start = .
                0x300023a8                __data_section_table = .
                0x300023a8        0x4 LONG 0x3000e58c LOADADDR (.data)
                0x300023ac        0x4 LONG 0x20000000 ADDR (.data)
                0x300023b0        0x4 LONG 0x40 SIZEOF (.data)
                0x300023b4        0x4 LONG 0x3000e58c LOADADDR (.data_RAM2)
                0x300023b8        0x4 LONG 0x0 ADDR (.data_RAM2)
                0x300023bc        0x4 LONG 0x0 SIZEOF (.data_RAM2)
                0x300023c0        0x4 LONG 0x3000e58c LOADADDR (.data_RAM3)
                0x300023c4        0x4 LONG 0x20240000 ADDR (.data_RAM3)
                0x300023c8        0x4 LONG 0x0 SIZEOF (.data_RAM3)
                0x300023cc        0x4 LONG 0x3000e58c LOADADDR (.data_RAM4)
                0x300023d0        0x4 LONG 0x202c0000 ADDR (.data_RAM4)
                0x300023d4        0x4 LONG 0x0 SIZEOF (.data_RAM4)
                0x300023d8        0x4 LONG 0x3000e58c LOADADDR (.data_RAM5)
                0x300023dc        0x4 LONG 0x20340000 ADDR (.data_RAM5)
                0x300023e0        0x4 LONG 0x0 SIZEOF (.data_RAM5)
                0x300023e4        0x4 LONG 0x3000e58c LOADADDR (.data_RAM6)
                0x300023e8        0x4 LONG 0x20350000 ADDR (.data_RAM6)
                0x300023ec        0x4 LONG 0x0 SIZEOF (.data_RAM6)
                0x300023f0        0x4 LONG 0x3000e58c LOADADDR (.data_RAM7)
                0x300023f4        0x4 LONG 0x80000000 ADDR (.data_RAM7)
                0x300023f8        0x4 LONG 0x0 SIZEOF (.data_RAM7)
                0x300023fc        0x4 LONG 0x3000e58c LOADADDR (.data_RAM8)
                0x30002400        0x4 LONG 0x83000000 ADDR (.data_RAM8)
                0x30002404        0x4 LONG 0x0 SIZEOF (.data_RAM8)
                0x30002408                __data_section_table_end = .
                0x30002408                __bss_section_table = .
                0x30002408        0x4 LONG 0x20000040 ADDR (.bss)
                0x3000240c        0x4 LONG 0x23c SIZEOF (.bss)
                0x30002410        0x4 LONG 0x0 ADDR (.bss_RAM2)
                0x30002414        0x4 LONG 0x0 SIZEOF (.bss_RAM2)
                0x30002418        0x4 LONG 0x20240000 ADDR (.bss_RAM3)
                0x3000241c        0x4 LONG 0x0 SIZEOF (.bss_RAM3)
                0x30002420        0x4 LONG 0x202c0000 ADDR (.bss_RAM4)
                0x30002424        0x4 LONG 0x0 SIZEOF (.bss_RAM4)
                0x30002428        0x4 LONG 0x20340000 ADDR (.bss_RAM5)
                0x3000242c        0x4 LONG 0x0 SIZEOF (.bss_RAM5)
                0x30002430        0x4 LONG 0x20350000 ADDR (.bss_RAM6)
                0x30002434        0x4 LONG 0x0 SIZEOF (.bss_RAM6)
                0x30002438        0x4 LONG 0x80000000 ADDR (.bss_RAM7)
                0x3000243c        0x4 LONG 0x0 SIZEOF (.bss_RAM7)
                0x30002440        0x4 LONG 0x83000000 ADDR (.bss_RAM8)
                0x30002444        0x4 LONG 0xe1001c SIZEOF (.bss_RAM8)
                0x30002448                __bss_section_table_end = .
                0x30002448                __section_table_end = .
 *(SORT_BY_ALIGNMENT(.after_vectors*))
 .after_vectors.init_data
                0x30002448       0x4c ./startup/startup_mimxrt1176_cm7.o
                0x30002448                data_init
 .after_vectors.init_bss
                0x30002494       0x4c ./startup/startup_mimxrt1176_cm7.o
                0x30002494                bss_init
 .after_vectors.reset
                0x300024e0       0x4c ./startup/startup_mimxrt1176_cm7.o
                0x300024e0                ResetISR
 .after_vectors
                0x3000252c       0x14 ./startup/startup_mimxrt1176_cm7.o
                0x3000252c                NMI_Handler
                0x30002530                MemManage_Handler
                0x30002532                BusFault_Handler
                0x30002534                UsageFault_Handler
                0x30002536                SVC_Handler
                0x30002538                DebugMon_Handler
                0x3000253a                PendSV_Handler
                0x3000253c                SysTick_Handler
                0x3000253e                SAI3_RX_DriverIRQHandler
                0x3000253e                ADC_ETC_IRQ3_DriverIRQHandler
                0x3000253e                Reserved168_DriverIRQHandler
                0x3000253e                Reserved178_DriverIRQHandler
                0x3000253e                PWM4_FAULT_DriverIRQHandler
                0x3000253e                FLEXRAM_ECC_DriverIRQHandler
                0x3000253e                Reserved185_DriverIRQHandler
                0x3000253e                FLEXRAM_DriverIRQHandler
                0x3000253e                KEY_MANAGER_DriverIRQHandler
                0x3000253e                LPSPI4_DriverIRQHandler
                0x3000253e                SEMC_DriverIRQHandler
                0x3000253e                SPDIF_DriverIRQHandler
                0x3000253e                DMA13_DMA29_DriverIRQHandler
                0x3000253e                PWM4_3_DriverIRQHandler
                0x3000253e                XECC_SEMC_INIT_DriverIRQHandler
                0x3000253e                LPSPI2_DriverIRQHandler
                0x3000253e                FLEXSPI2_DriverIRQHandler
                0x3000253e                LCDIF1_DriverIRQHandler
                0x3000253e                RDC_DriverIRQHandler
                0x3000253e                GPIO3_Combined_0_15_DriverIRQHandler
                0x3000253e                Reserved167_DriverIRQHandler
                0x3000253e                CAN3_DriverIRQHandler
                0x3000253e                PIT2_DriverIRQHandler
                0x3000253e                OCOTP_READ_FUSE_ERROR_DriverIRQHandler
                0x3000253e                DMA7_DMA23_DriverIRQHandler
                0x3000253e                GPIO6_Combined_16_31_DriverIRQHandler
                0x3000253e                SAI4_TX_DriverIRQHandler
                0x3000253e                Reserved210_DriverIRQHandler
                0x3000253e                GPR_IRQ_DriverIRQHandler
                0x3000253e                Reserved208_DriverIRQHandler
                0x3000253e                PWM2_FAULT_DriverIRQHandler
                0x3000253e                ENET_MAC0_Tx_Rx_Done_0_DriverIRQHandler
                0x3000253e                PWM3_1_DriverIRQHandler
                0x3000253e                SEMA4_CP1_DriverIRQHandler
                0x3000253e                DAC_DriverIRQHandler
                0x3000253e                Reserved166_DriverIRQHandler
                0x3000253e                DMA14_DMA30_DriverIRQHandler
                0x3000253e                TMR1_DriverIRQHandler
                0x3000253e                PWM3_2_DriverIRQHandler
                0x3000253e                ENET_1588_Timer_DriverIRQHandler
                0x3000253e                ENET_QOS_PMT_DriverIRQHandler
                0x3000253e                FLEXIO2_DriverIRQHandler
                0x3000253e                GPIO2_Combined_16_31_DriverIRQHandler
                0x3000253e                KPP_DriverIRQHandler
                0x3000253e                PWM4_1_DriverIRQHandler
                0x3000253e                Reserved213_DriverIRQHandler
                0x3000253e                CAAM_IRQ0_DriverIRQHandler
                0x3000253e                RTWDOG3_DriverIRQHandler
                0x3000253e                PWM3_3_DriverIRQHandler
                0x3000253e                DMA0_DMA16_DriverIRQHandler
                0x3000253e                IntDefaultHandler
                0x3000253e                DMA2_DMA18_DriverIRQHandler
                0x3000253e                USDHC1_DriverIRQHandler
                0x3000253e                ENC3_DriverIRQHandler
                0x3000253e                PWM3_FAULT_DriverIRQHandler
                0x3000253e                Reserved186_DriverIRQHandler
                0x3000253e                EWM_DriverIRQHandler
                0x3000253e                WDOG1_DriverIRQHandler
                0x3000253e                FLEXIO1_DriverIRQHandler
                0x3000253e                ENET_DriverIRQHandler
                0x3000253e                TMR4_DriverIRQHandler
                0x3000253e                DCIC1_DriverIRQHandler
                0x3000253e                ADC_ETC_IRQ2_DriverIRQHandler
                0x3000253e                XECC_FLEXSPI2_INIT_DriverIRQHandler
                0x3000253e                GPIO1_Combined_16_31_DriverIRQHandler
                0x3000253e                SAI1_DriverIRQHandler
                0x3000253e                DMA12_DMA28_DriverIRQHandler
                0x3000253e                PWM4_0_DriverIRQHandler
                0x3000253e                MIPI_DSI_DriverIRQHandler
                0x3000253e                ADC_ETC_ERROR_IRQ_DriverIRQHandler
                0x3000253e                ACMP2_DriverIRQHandler
                0x3000253e                GPIO5_Combined_0_15_DriverIRQHandler
                0x3000253e                GPU2D_DriverIRQHandler
                0x3000253e                MECC1_INIT_DriverIRQHandler
                0x3000253e                GPT2_DriverIRQHandler
                0x3000253e                MUA_DriverIRQHandler
                0x3000253e                CAN3_ERROR_DriverIRQHandler
                0x3000253e                DMA10_DMA26_DriverIRQHandler
                0x3000253e                PWM2_1_DriverIRQHandler
                0x3000253e                MECC1_FATAL_INIT_DriverIRQHandler
                0x3000253e                PWM1_1_DriverIRQHandler
                0x3000253e                PXP_DriverIRQHandler
                0x3000253e                Reserved91_DriverIRQHandler
                0x3000253e                ADC1_DriverIRQHandler
                0x3000253e                PDM_ERROR_DriverIRQHandler
                0x3000253e                MIPI_CSI_DriverIRQHandler
                0x3000253e                CAAM_IRQ3_DriverIRQHandler
                0x3000253e                PWM1_0_DriverIRQHandler
                0x3000253e                CAAM_IRQ1_DriverIRQHandler
                0x3000253e                Reserved216_DriverIRQHandler
                0x3000253e                SFA_DriverIRQHandler
                0x3000253e                DMA1_DMA17_DriverIRQHandler
                0x3000253e                GPT6_DriverIRQHandler
                0x3000253e                PIT1_DriverIRQHandler
                0x3000253e                ENC1_DriverIRQHandler
                0x3000253e                ENC4_DriverIRQHandler
                0x3000253e                CAN2_DriverIRQHandler
                0x3000253e                Reserved169_DriverIRQHandler
                0x3000253e                CAN2_ERROR_DriverIRQHandler
                0x3000253e                ENET_MAC0_Tx_Rx_Done_1_DriverIRQHandler
                0x3000253e                CTI0_ERROR_DriverIRQHandler
                0x3000253e                GPT5_DriverIRQHandler
                0x3000253e                MECC2_FATAL_INIT_DriverIRQHandler
                0x3000253e                MECC2_INIT_DriverIRQHandler
                0x3000253e                DMA8_DMA24_DriverIRQHandler
                0x3000253e                GPT1_DriverIRQHandler
                0x3000253e                CAAM_RECORVE_ERRPR_DriverIRQHandler
                0x3000253e                CAAM_IRQ2_DriverIRQHandler
                0x3000253e                ANATOP_TEMP_INT_DriverIRQHandler
                0x3000253e                ACMP3_DriverIRQHandler
                0x3000253e                DMA6_DMA22_DriverIRQHandler
                0x3000253e                GPIO6_Combined_0_15_DriverIRQHandler
                0x3000253e                SAI4_RX_DriverIRQHandler
                0x3000253e                TMR3_DriverIRQHandler
                0x3000253e                TMR2_DriverIRQHandler
                0x3000253e                DCIC2_DriverIRQHandler
                0x3000253e                CTI1_ERROR_DriverIRQHandler
                0x3000253e                FLEXSPI1_DriverIRQHandler
                0x3000253e                GPIO1_Combined_0_15_DriverIRQHandler
                0x3000253e                USDHC2_DriverIRQHandler
                0x3000253e                PWM4_2_DriverIRQHandler
                0x3000253e                Reserved214_DriverIRQHandler
                0x3000253e                SAI2_DriverIRQHandler
                0x3000253e                CORE_DriverIRQHandler
                0x3000253e                LPSPI6_DriverIRQHandler
                0x3000253e                USBPHY2_DriverIRQHandler
                0x3000253e                OCOTP_READ_DONE_ERROR_DriverIRQHandler
                0x3000253e                USBPHY1_DriverIRQHandler
                0x3000253e                PDM_EVENT_DriverIRQHandler
                0x3000253e                ENC2_DriverIRQHandler
                0x3000253e                Reserved211_DriverIRQHandler
                0x3000253e                DMA11_DMA27_DriverIRQHandler
                0x3000253e                PWM2_3_DriverIRQHandler
                0x3000253e                XBAR1_IRQ_2_3_DriverIRQHandler
                0x3000253e                SNVS_HP_WRAPPER_TZ_DriverIRQHandler
                0x3000253e                GPIO3_Combined_16_31_DriverIRQHandler
                0x3000253e                PWM1_FAULT_DriverIRQHandler
                0x3000253e                EMVSIM2_DriverIRQHandler
                0x3000253e                PWM2_2_DriverIRQHandler
                0x3000253e                DMA4_DMA20_DriverIRQHandler
                0x3000253e                DMA9_DMA25_DriverIRQHandler
                0x3000253e                SNVS_HP_WRAPPER_DriverIRQHandler
                0x3000253e                GPT4_DriverIRQHandler
                0x3000253e                XBAR1_IRQ_0_1_DriverIRQHandler
                0x3000253e                ADC_ETC_IRQ1_DriverIRQHandler
                0x3000253e                LPSPI1_DriverIRQHandler
                0x3000253e                Reserved215_DriverIRQHandler
                0x3000253e                Reserved217_DriverIRQHandler
                0x3000253e                ANATOP_LP8_BROWNOUT_DriverIRQHandler
                0x3000253e                DMA3_DMA19_DriverIRQHandler
                0x3000253e                LPUART12_DriverIRQHandler
                0x3000253e                ENET_QOS_DriverIRQHandler
                0x3000253e                LPSPI5_DriverIRQHandler
                0x3000253e                XECC_SEMC_FATAL_INIT_DriverIRQHandler
                0x3000253e                SEMA4_CP0_DriverIRQHandler
                0x3000253e                Reserved170_DriverIRQHandler
                0x3000253e                Reserved177_DriverIRQHandler
                0x3000253e                GPC_DriverIRQHandler
                0x3000253e                GPIO2_Combined_0_15_DriverIRQHandler
                0x3000253e                GPT3_DriverIRQHandler
                0x3000253e                XECC_FLEXSPI1_INIT_DriverIRQHandler
                0x3000253e                PWM1_2_DriverIRQHandler
                0x3000253e                USB_OTG1_DriverIRQHandler
                0x3000253e                LCDIF2_DriverIRQHandler
                0x3000253e                SAI3_TX_DriverIRQHandler
                0x3000253e                WDOG2_DriverIRQHandler
                0x3000253e                Reserved68_DriverIRQHandler
                0x3000253e                ENET_1G_1588_Timer_DriverIRQHandler
                0x3000253e                Reserved180_DriverIRQHandler
                0x3000253e                PWM3_0_DriverIRQHandler
                0x3000253e                CAN1_ERROR_DriverIRQHandler
                0x3000253e                GPIO4_Combined_0_15_DriverIRQHandler
                0x3000253e                GPIO4_Combined_16_31_DriverIRQHandler
                0x3000253e                GPIO5_Combined_16_31_DriverIRQHandler
                0x3000253e                EMVSIM1_DriverIRQHandler
                0x3000253e                ASRC_DriverIRQHandler
                0x3000253e                DMA5_DMA21_DriverIRQHandler
                0x3000253e                Reserved179_DriverIRQHandler
                0x3000253e                ADC2_DriverIRQHandler
                0x3000253e                ACMP4_DriverIRQHandler
                0x3000253e                DMA15_DMA31_DriverIRQHandler
                0x3000253e                ANATOP_TEMP_PANIC_DriverIRQHandler
                0x3000253e                LPSPI3_DriverIRQHandler
                0x3000253e                PWM1_3_DriverIRQHandler
                0x3000253e                ANATOP_LP0_BROWNOUT_DriverIRQHandler
                0x3000253e                XECC_FLEXSPI1_FATAL_INIT_DriverIRQHandler
                0x3000253e                ACMP1_DriverIRQHandler
                0x3000253e                DMA_ERROR_DriverIRQHandler
                0x3000253e                ADC_ETC_IRQ0_DriverIRQHandler
                0x3000253e                Reserved212_DriverIRQHandler
                0x3000253e                CAN1_DriverIRQHandler
                0x3000253e                CAAM_RTC_DriverIRQHandler
                0x3000253e                ANATOP_TEMP_LOW_HIGH_DriverIRQHandler
                0x3000253e                XECC_FLEXSPI2_FATAL_INIT_DriverIRQHandler
                0x3000253e                PWM2_0_DriverIRQHandler
                0x3000253e                ENET_1G_DriverIRQHandler
                0x3000253e                Reserved209_DriverIRQHandler
                0x3000253e                CM7_GPIO2_3_DriverIRQHandler
                0x3000253e                GPIO13_Combined_0_31_DriverIRQHandler
                0x3000253e                SNVS_LP_WRAPPER_DriverIRQHandler
                0x3000253e                USB_OTG2_DriverIRQHandler
 *(SORT_BY_ALIGNMENT(.text*))
 .text.CLOCK_GetAvPllFreq
                0x30002540       0xec ./drivers/fsl_clock.o
                0x30002540                CLOCK_GetAvPllFreq
 .text.CSI_ADAPTER_Init
                0x3000262c       0xf4 ./video/fsl_csi_camera_adapter.o
 .text.DC_FB_LCDIFV2_GetPixelFormat
                0x30002720       0x50 ./video/fsl_dc_fb_lcdifv2.o
 .text.DC_FB_LCDIFV2_EnableLayer
                0x30002770       0xdc ./video/fsl_dc_fb_lcdifv2.o
                0x30002770                DC_FB_LCDIFV2_EnableLayer
 .text.DC_FB_LCDIFV2_DisableLayer
                0x3000284c       0x74 ./video/fsl_dc_fb_lcdifv2.o
                0x3000284c                DC_FB_LCDIFV2_DisableLayer
 .text.DC_FB_LCDIFV2_SetLayerConfig
                0x300028c0       0x94 ./video/fsl_dc_fb_lcdifv2.o
                0x300028c0                DC_FB_LCDIFV2_SetLayerConfig
 .text.DC_FB_LCDIFV2_GetLayerDefaultConfig
                0x30002954       0x60 ./video/fsl_dc_fb_lcdifv2.o
                0x30002954                DC_FB_LCDIFV2_GetLayerDefaultConfig
 .text.DC_FB_LCDIFV2_SetFrameBuffer
                0x300029b4       0x9c ./video/fsl_dc_fb_lcdifv2.o
                0x300029b4                DC_FB_LCDIFV2_SetFrameBuffer
 .text.DC_FB_LCDIFV2_SetCallback
                0x30002a50       0x58 ./video/fsl_dc_fb_lcdifv2.o
                0x30002a50                DC_FB_LCDIFV2_SetCallback
 .text.OV5640_SoftwareReset
                0x30002aa8       0x34 ./video/fsl_ov5640.o
 .text.OV5640_GetResolutionParam
                0x30002adc       0x54 ./video/fsl_ov5640.o
 .text.OV5640_GetClockConfig
                0x30002b30       0xd0 ./video/fsl_ov5640.o
 .text.OV5640_SetPixelFormat
                0x30002c00       0x64 ./video/fsl_ov5640.o
 .text.OV5640_Init
                0x30002c64      0x3ac ./video/fsl_ov5640.o
                0x30002c64                OV5640_Init
 .text.OV5640_Control
                0x30003010       0x50 ./video/fsl_ov5640.o
                0x30003010                OV5640_Control
 .text.OV5640_SetLightMode
                0x30003060      0x164 ./video/fsl_ov5640.o
                0x30003060                OV5640_SetLightMode
 .text.OV5640_SetSpecialEffect
                0x300031c4       0xf8 ./video/fsl_ov5640.o
                0x300031c4                OV5640_SetSpecialEffect
 .text.RM68200_Init
                0x300032bc       0xe4 ./video/fsl_rm68200.o
                0x300032bc                RM68200_Init
 .text.VIDEO_DelayMs
                0x300033a0       0x30 ./video/fsl_video_common.o
                0x300033a0                VIDEO_DelayMs
 .text.__assertion_failed
                0x300033d0       0x18 ./utilities/fsl_assert.o
                0x300033d0                __assertion_failed
 .text.DbgConsole_SendDataReliable
                0x300033e8       0x50 ./utilities/fsl_debug_console.o
                0x300033e8                DbgConsole_SendDataReliable
 .text.DbgConsole_Init
                0x30003438      0x104 ./utilities/fsl_debug_console.o
                0x30003438                DbgConsole_Init
 .text.DbgConsole_Printf
                0x3000353c       0x78 ./utilities/fsl_debug_console.o
                0x3000353c                DbgConsole_Printf
 .text.PXP_SetRotateConfig
                0x300035b4       0x50 ./source/csi_mipi_rgb.o
 .text.BOARD_ResetDisplayMix
                0x30003604       0x28 ./source/csi_mipi_rgb.o
 .text.main     0x3000362c       0x64 ./source/csi_mipi_rgb.o
                0x3000362c                main
 .text.DEMO_InitPxp
                0x30003690       0x50 ./source/csi_mipi_rgb.o
 .text.DEMO_InitCamera
                0x300036e0       0xbc ./source/csi_mipi_rgb.o
 .text.DEMO_InitDisplay
                0x3000379c      0x110 ./source/csi_mipi_rgb.o
 .text.DEMO_CSI_MIPI_RGB
                0x300038ac      0x130 ./source/csi_mipi_rgb.o
 .text.DEMO_BufferSwitchOffCallback
                0x300039dc       0x34 ./source/csi_mipi_rgb.o
 .text.ANATOP_EnablePllLdo
                0x30003a10       0x70 ./drivers/fsl_anatop.o
                0x30003a10                ANATOP_EnablePllLdo
 .text.ANATOP_AI_Access
                0x30003a80      0x634 ./drivers/fsl_anatop_ai.o
                0x30003a80                ANATOP_AI_Access
 .text.CLOCK_GetRootClockMux
                0x300040b4       0x2c ./drivers/fsl_clock.o
 .text.CLOCK_GetRootClockDiv
                0x300040e0       0x28 ./drivers/fsl_clock.o
 .text.CLOCK_GetRootClockFreq
                0x30004108       0x84 ./drivers/fsl_clock.o
 .text.CLOCK_InitArmPll
                0x3000418c      0x150 ./drivers/fsl_clock.o
                0x3000418c                CLOCK_InitArmPll
 .text.CLOCK_InitSysPll2
                0x300042dc      0x16c ./drivers/fsl_clock.o
                0x300042dc                CLOCK_InitSysPll2
 .text.CLOCK_GetPfdFreq
                0x30004448       0xd0 ./drivers/fsl_clock.o
                0x30004448                CLOCK_GetPfdFreq
 .text.CLOCK_InitSysPll3
                0x30004518      0x114 ./drivers/fsl_clock.o
                0x30004518                CLOCK_InitSysPll3
 .text.CLOCK_CalcArmPllFreq
                0x3000462c       0xec ./drivers/fsl_clock.o
                0x3000462c                CLOCK_CalcArmPllFreq
 .text.CLOCK_EnableOsc24M
                0x30004718       0x34 ./drivers/fsl_clock.o
                0x30004718                CLOCK_EnableOsc24M
 .text.CLOCK_GetPllFreq
                0x3000474c      0x100 ./drivers/fsl_clock.o
                0x3000474c                CLOCK_GetPllFreq
 .text.CLOCK_GetFreq
                0x3000484c      0x1d0 ./drivers/fsl_clock.o
                0x3000484c                CLOCK_GetFreq
 .text.CLOCK_SetGroupConfig
                0x30004a1c       0xbc ./drivers/fsl_clock.o
                0x30004a1c                CLOCK_SetGroupConfig
 .text.CLOCK_GetFreqFromObs
                0x30004ad8       0xb8 ./drivers/fsl_clock.o
                0x30004ad8                CLOCK_GetFreqFromObs
 .text.SDK_DelayAtLeastUs
                0x30004b90       0x98 ./drivers/fsl_common.o
                0x30004b90                SDK_DelayAtLeastUs
 .text.__NVIC_EnableIRQ
                0x30004c28       0x3c ./drivers/fsl_csi.o
 .text.CLOCK_ControlGate
                0x30004c64       0x60 ./drivers/fsl_csi.o
 .text.CSI_GetInstance
                0x30004cc4       0x44 ./drivers/fsl_csi.o
 .text.CSI_Init
                0x30004d08      0x16c ./drivers/fsl_csi.o
                0x30004d08                CSI_Init
 .text.CSI_Reset
                0x30004e74       0x7c ./drivers/fsl_csi.o
                0x30004e74                CSI_Reset
 .text.CSI_GetDefaultConfig
                0x30004ef0       0x60 ./drivers/fsl_csi.o
                0x30004ef0                CSI_GetDefaultConfig
 .text.CSI_EnableInterrupts
                0x30004f50       0x4c ./drivers/fsl_csi.o
                0x30004f50                CSI_EnableInterrupts
 .text.CSI_DisableInterrupts
                0x30004f9c       0x50 ./drivers/fsl_csi.o
                0x30004f9c                CSI_DisableInterrupts
 .text.CSI_TransferCreateHandle
                0x30004fec       0x6c ./drivers/fsl_csi.o
                0x30004fec                CSI_TransferCreateHandle
 .text.CSI_TransferStart
                0x30005058       0x88 ./drivers/fsl_csi.o
                0x30005058                CSI_TransferStart
 .text.CSI_TransferStop
                0x300050e0       0x70 ./drivers/fsl_csi.o
                0x300050e0                CSI_TransferStop
 .text.CSI_DriverIRQHandler
                0x30005150       0x28 ./drivers/fsl_csi.o
                0x30005150                CSI_DriverIRQHandler
 .text.CLOCK_ControlGate
                0x30005178       0x60 ./drivers/fsl_gpio.o
 .text.GPIO_GetInstance
                0x300051d8       0x4c ./drivers/fsl_gpio.o
 .text.GPIO_PinInit
                0x30005224       0xa0 ./drivers/fsl_gpio.o
                0x30005224                GPIO_PinInit
 .text.GPIO_PinWrite
                0x300052c4       0x54 ./drivers/fsl_gpio.o
                0x300052c4                GPIO_PinWrite
 .text.GPIO_PinSetInterruptConfig
                0x30005318       0xfc ./drivers/fsl_gpio.o
                0x30005318                GPIO_PinSetInterruptConfig
 .text.CLOCK_ControlGate
                0x30005414       0x60 ./drivers/fsl_lcdifv2.o
 .text.LCDIFV2_GetInstance
                0x30005474       0x44 ./drivers/fsl_lcdifv2.o
 .text.LCDIFV2_ResetRegister
                0x300054b8      0x12c ./drivers/fsl_lcdifv2.o
 .text.LCDIFV2_DisplayGetDefaultConfig
                0x300055e4       0x5c ./drivers/fsl_lcdifv2.o
                0x300055e4                LCDIFV2_DisplayGetDefaultConfig
 .text.LCDIFV2_SetDisplayConfig
                0x30005640       0x80 ./drivers/fsl_lcdifv2.o
                0x30005640                LCDIFV2_SetDisplayConfig
 .text.LCDIFV2_SetLayerBufferConfig
                0x300056c0       0x80 ./drivers/fsl_lcdifv2.o
                0x300056c0                LCDIFV2_SetLayerBufferConfig
 .text.CLOCK_ControlGate
                0x30005740       0x60 ./drivers/fsl_lpi2c.o
 .text.LPI2C_GetInstance
                0x300057a0       0x4c ./drivers/fsl_lpi2c.o
                0x300057a0                LPI2C_GetInstance
 .text.LPI2C_GetCyclesForWidth
                0x300057ec       0x9c ./drivers/fsl_lpi2c.o
 .text.LPI2C_MasterGetDefaultConfig
                0x30005888       0x6c ./drivers/fsl_lpi2c.o
                0x30005888                LPI2C_MasterGetDefaultConfig
 .text.LPI2C_MasterInit
                0x300058f4      0x1cc ./drivers/fsl_lpi2c.o
                0x300058f4                LPI2C_MasterInit
 .text.LPI2C_MasterSetBaudRate
                0x30005ac0      0x17c ./drivers/fsl_lpi2c.o
                0x30005ac0                LPI2C_MasterSetBaudRate
 .text.LPI2C_MasterReceive
                0x30005c3c       0xa0 ./drivers/fsl_lpi2c.o
                0x30005c3c                LPI2C_MasterReceive
 .text.LPI2C_MasterSend
                0x30005cdc       0x58 ./drivers/fsl_lpi2c.o
                0x30005cdc                LPI2C_MasterSend
 .text.LPI2C_MasterTransferBlocking
                0x30005d34      0x1c4 ./drivers/fsl_lpi2c.o
                0x30005d34                LPI2C_MasterTransferBlocking
 .text.LPI2C_CommonIRQHandler
                0x30005ef8       0x78 ./drivers/fsl_lpi2c.o
 .text.LPI2C1_DriverIRQHandler
                0x30005f70       0x14 ./drivers/fsl_lpi2c.o
                0x30005f70                LPI2C1_DriverIRQHandler
 .text.LPI2C2_DriverIRQHandler
                0x30005f84       0x14 ./drivers/fsl_lpi2c.o
                0x30005f84                LPI2C2_DriverIRQHandler
 .text.LPI2C3_DriverIRQHandler
                0x30005f98       0x14 ./drivers/fsl_lpi2c.o
                0x30005f98                LPI2C3_DriverIRQHandler
 .text.LPI2C4_DriverIRQHandler
                0x30005fac       0x14 ./drivers/fsl_lpi2c.o
                0x30005fac                LPI2C4_DriverIRQHandler
 .text.LPI2C5_DriverIRQHandler
                0x30005fc0       0x14 ./drivers/fsl_lpi2c.o
                0x30005fc0                LPI2C5_DriverIRQHandler
 .text.LPI2C6_DriverIRQHandler
                0x30005fd4       0x14 ./drivers/fsl_lpi2c.o
                0x30005fd4                LPI2C6_DriverIRQHandler
 .text.CLOCK_ControlGate
                0x30005fe8       0x60 ./drivers/fsl_lpuart.o
 .text.LPUART_GetInstance
                0x30006048       0x4c ./drivers/fsl_lpuart.o
                0x30006048                LPUART_GetInstance
 .text.LPUART_Init
                0x30006094      0x310 ./drivers/fsl_lpuart.o
                0x30006094                LPUART_Init
 .text.LPUART_GetDefaultConfig
                0x300063a4       0x88 ./drivers/fsl_lpuart.o
                0x300063a4                LPUART_GetDefaultConfig
 .text.LPUART_WriteBlocking
                0x3000642c       0x68 ./drivers/fsl_lpuart.o
                0x3000642c                LPUART_WriteBlocking
 .text.LPUART1_DriverIRQHandler
                0x30006494       0x28 ./drivers/fsl_lpuart.o
                0x30006494                LPUART1_DriverIRQHandler
 .text.LPUART2_DriverIRQHandler
                0x300064bc       0x28 ./drivers/fsl_lpuart.o
                0x300064bc                LPUART2_DriverIRQHandler
 .text.LPUART3_DriverIRQHandler
                0x300064e4       0x28 ./drivers/fsl_lpuart.o
                0x300064e4                LPUART3_DriverIRQHandler
 .text.LPUART4_DriverIRQHandler
                0x3000650c       0x28 ./drivers/fsl_lpuart.o
                0x3000650c                LPUART4_DriverIRQHandler
 .text.LPUART5_DriverIRQHandler
                0x30006534       0x28 ./drivers/fsl_lpuart.o
                0x30006534                LPUART5_DriverIRQHandler
 .text.LPUART6_DriverIRQHandler
                0x3000655c       0x28 ./drivers/fsl_lpuart.o
                0x3000655c                LPUART6_DriverIRQHandler
 .text.LPUART7_DriverIRQHandler
                0x30006584       0x28 ./drivers/fsl_lpuart.o
                0x30006584                LPUART7_DriverIRQHandler
 .text.LPUART8_DriverIRQHandler
                0x300065ac       0x28 ./drivers/fsl_lpuart.o
                0x300065ac                LPUART8_DriverIRQHandler
 .text.LPUART9_DriverIRQHandler
                0x300065d4       0x28 ./drivers/fsl_lpuart.o
                0x300065d4                LPUART9_DriverIRQHandler
 .text.LPUART10_DriverIRQHandler
                0x300065fc       0x28 ./drivers/fsl_lpuart.o
                0x300065fc                LPUART10_DriverIRQHandler
 .text.LPUART11_DriverIRQHandler
                0x30006624       0x28 ./drivers/fsl_lpuart.o
                0x30006624                LPUART11_DriverIRQHandler
 .text.CLOCK_ControlGate
                0x3000664c       0x60 ./drivers/fsl_mipi_csi2rx.o
 .text.CSI2RX_GetInstance
                0x300066ac       0x3c ./drivers/fsl_mipi_csi2rx.o
                0x300066ac                CSI2RX_GetInstance
 .text.CSI2RX_Init
                0x300066e8       0x80 ./drivers/fsl_mipi_csi2rx.o
                0x300066e8                CSI2RX_Init
 .text.CLOCK_ControlGate
                0x30006768       0x60 ./drivers/fsl_mipi_dsi.o
 .text.DSI_GetInstance
                0x300067c8       0x44 ./drivers/fsl_mipi_dsi.o
                0x300067c8                DSI_GetInstance
 .text.DSI_EncodeDphyPllCn
                0x3000680c       0x48 ./drivers/fsl_mipi_dsi.o
 .text.DSI_EncodeDphyPllCm
                0x30006854       0x68 ./drivers/fsl_mipi_dsi.o
 .text.DSI_DphyGetPllDivider
                0x300068bc      0x11c ./drivers/fsl_mipi_dsi.o
 .text.DSI_Init
                0x300069d8       0xa4 ./drivers/fsl_mipi_dsi.o
                0x300069d8                DSI_Init
 .text.DSI_GetDefaultConfig
                0x30006a7c       0x5c ./drivers/fsl_mipi_dsi.o
                0x30006a7c                DSI_GetDefaultConfig
 .text.DSI_SetDpiConfig
                0x30006ad8      0x198 ./drivers/fsl_mipi_dsi.o
                0x30006ad8                DSI_SetDpiConfig
 .text.DSI_InitDphy
                0x30006c70      0x12c ./drivers/fsl_mipi_dsi.o
                0x30006c70                DSI_InitDphy
 .text.DSI_GetDphyDefaultConfig
                0x30006d9c      0x194 ./drivers/fsl_mipi_dsi.o
                0x30006d9c                DSI_GetDphyDefaultConfig
 .text.DSI_WriteApbTxPayloadExt
                0x30006f30      0x12c ./drivers/fsl_mipi_dsi.o
                0x30006f30                DSI_WriteApbTxPayloadExt
 .text.DSI_PrepareApbTransfer
                0x3000705c      0x114 ./drivers/fsl_mipi_dsi.o
 .text.DSI_HandleResult
                0x30007170       0xb0 ./drivers/fsl_mipi_dsi.o
 .text.PMU_StaticSetLpsrAnaLdoBypassMode
                0x30007220       0xdc ./drivers/fsl_pmu.o
                0x30007220                PMU_StaticSetLpsrAnaLdoBypassMode
 .text.PMU_StaticEnableLpsrDigLdoBypassMode
                0x300072fc       0xc4 ./drivers/fsl_pmu.o
                0x300072fc                PMU_StaticEnableLpsrDigLdoBypassMode
 .text.PMU_StaticGetCm7FBBDefaultConfig
                0x300073c0       0x3c ./drivers/fsl_pmu.o
                0x300073c0                PMU_StaticGetCm7FBBDefaultConfig
 .text.PMU_StaticCm7FBBInit
                0x300073fc       0xf0 ./drivers/fsl_pmu.o
                0x300073fc                PMU_StaticCm7FBBInit
 .text.CLOCK_ControlGate
                0x300074ec       0x60 ./drivers/fsl_pxp.o
 .text.PXP_GetInstance
                0x3000754c       0x44 ./drivers/fsl_pxp.o
 .text.PXP_SetAlphaSurfacePosition
                0x30007590       0x58 ./drivers/fsl_pxp.o
                0x30007590                PXP_SetAlphaSurfacePosition
 .text.PXP_SetProcessSurfaceBufferConfig
                0x300075e8       0x74 ./drivers/fsl_pxp.o
                0x300075e8                PXP_SetProcessSurfaceBufferConfig
 .text.PXP_SetProcessSurfaceScaler
                0x3000765c       0x80 ./drivers/fsl_pxp.o
                0x3000765c                PXP_SetProcessSurfaceScaler
 .text.PXP_SetProcessSurfacePosition
                0x300076dc       0x54 ./drivers/fsl_pxp.o
                0x300076dc                PXP_SetProcessSurfacePosition
 .text.PXP_SetOutputBufferConfig
                0x30007730       0x84 ./drivers/fsl_pxp.o
                0x30007730                PXP_SetOutputBufferConfig
 .text.MIPI_CSI2RX_SoftwareReset
                0x300077b4       0x44 ./drivers/fsl_soc_mipi_csi2rx.o
                0x300077b4                MIPI_CSI2RX_SoftwareReset
 .text.MIPI_CSI2RX_InitInterface
                0x300077f8       0x74 ./drivers/fsl_soc_mipi_csi2rx.o
                0x300077f8                MIPI_CSI2RX_InitInterface
 .text.SystemInit
                0x3000786c      0x234 ./device/system_MIMXRT1176_cm7.o
                0x3000786c                SystemInit
 .text.HAL_UartInit
                0x30007aa0       0xcc ./component/uart/fsl_adapter_lpuart.o
                0x30007aa0                HAL_UartInit
 .text.HAL_UartSendBlocking
                0x30007b6c       0x64 ./component/uart/fsl_adapter_lpuart.o
                0x30007b6c                HAL_UartSendBlocking
 .text.ARM_MPU_Enable
                0x30007bd0       0x40 ./board/board.o
 .text.ARM_MPU_Disable
                0x30007c10       0x34 ./board/board.o
 .text.CLOCK_GetRootClockMux
                0x30007c44       0x2c ./board/board.o
 .text.CLOCK_GetRootClockDiv
                0x30007c70       0x28 ./board/board.o
 .text.CLOCK_SetRootClock
                0x30007c98       0x84 ./board/board.o
 .text.CLOCK_GetRootClockFreq
                0x30007d1c       0x84 ./board/board.o
 .text.BOARD_Camera_I2C_Init
                0x30007da0       0x40 ./board/board.o
                0x30007da0                BOARD_Camera_I2C_Init
 .text.BOARD_Camera_I2C_SendSCCB
                0x30007de0       0x38 ./board/board.o
                0x30007de0                BOARD_Camera_I2C_SendSCCB
 .text.BOARD_Camera_I2C_ReceiveSCCB
                0x30007e18       0x38 ./board/board.o
                0x30007e18                BOARD_Camera_I2C_ReceiveSCCB
 .text.BOARD_ConfigMPU
                0x30007e50      0x344 ./board/board.o
                0x30007e50                BOARD_ConfigMPU
 .text.CLOCK_SetRootClock
                0x30008194       0x84 ./board/camera_support.o
 .text.CLOCK_ControlGate
                0x30008218       0x60 ./board/camera_support.o
 .text.BOARD_PullCameraResetPin
                0x30008278       0x34 ./board/camera_support.o
 .text.BOARD_PullCameraPowerDownPin
                0x300082ac       0x34 ./board/camera_support.o
 .text.BOARD_InitMipiCsi
                0x300082e0      0x128 ./board/camera_support.o
                0x300082e0                BOARD_InitMipiCsi
 .text.BOARD_VerifyCameraClockSource
                0x30008408       0x38 ./board/camera_support.o
 .text.CLOCK_GetRootClockMux
                0x30008440       0x2c ./board/clock_config.o
 .text.CLOCK_GetRootClockDiv
                0x3000846c       0x28 ./board/clock_config.o
 .text.CLOCK_SetRootClock
                0x30008494       0x84 ./board/clock_config.o
 .text.CLOCK_GetRootClockFreq
                0x30008518       0x84 ./board/clock_config.o
 .text.BOARD_BootClockRUN
                0x3000859c      0x1c4 ./board/clock_config.o
                0x3000859c                BOARD_BootClockRUN
 .text.__NVIC_EnableIRQ
                0x30008760       0x3c ./board/display_support.o
 .text.__NVIC_ClearPendingIRQ
                0x3000879c       0x3c ./board/display_support.o
 .text.__NVIC_SetPriority
                0x300087d8       0x54 ./board/display_support.o
 .text.CLOCK_GetRootClockMux
                0x3000882c       0x2c ./board/display_support.o
 .text.CLOCK_GetRootClockDiv
                0x30008858       0x28 ./board/display_support.o
 .text.CLOCK_SetRootClock
                0x30008880       0x84 ./board/display_support.o
 .text.CLOCK_ControlGate
                0x30008904       0x60 ./board/display_support.o
 .text.CLOCK_GetRootClockFreq
                0x30008964       0x84 ./board/display_support.o
 .text.BOARD_PullPanelResetPin
                0x300089e8       0x34 ./board/display_support.o
 .text.BOARD_PullPanelPowerPin
                0x30008a1c       0x34 ./board/display_support.o
 .text.BOARD_DSI_Transfer
                0x30008a50       0x20 ./board/display_support.o
 .text.BOARD_InitLcdifClock
                0x30008a70       0x3c ./board/display_support.o
 .text.BOARD_InitMipiDsiClock
                0x30008aac       0x98 ./board/display_support.o
 .text.BOARD_InitLcdPanel
                0x30008b44       0xa4 ./board/display_support.o
 .text.BOARD_SetMipiDsiConfig
                0x30008be8       0xb8 ./board/display_support.o
 .text.BOARD_InitDisplayInterface
                0x30008ca0       0x6c ./board/display_support.o
                0x30008ca0                BOARD_InitDisplayInterface
 .text.LCDIF2_IRQHandler
                0x30008d0c       0x14 ./board/display_support.o
                0x30008d0c                LCDIF2_IRQHandler
 .text.BOARD_VerifyDisplayClockSource
                0x30008d20       0x38 ./board/display_support.o
                0x30008d20                BOARD_VerifyDisplayClockSource
 .text.BOARD_PrepareDisplayController
                0x30008d58       0x50 ./board/display_support.o
                0x30008d58                BOARD_PrepareDisplayController
 .text.CLOCK_ControlGate
                0x30008da8       0x60 ./board/pin_mux.o
 .text.BOARD_InitLpuartPins
                0x30008e08       0x54 ./board/pin_mux.o
                0x30008e08                BOARD_InitLpuartPins
 .text.BOARD_InitMipiPanelPins
                0x30008e5c       0xbc ./board/pin_mux.o
                0x30008e5c                BOARD_InitMipiPanelPins
 .text.BOARD_InitMipiCameraPins
                0x30008f18       0xc4 ./board/pin_mux.o
                0x30008f18                BOARD_InitMipiCameraPins
 .text._initio  0x30008fdc       0x78 c:/nxp/mcuxpressoide_11.2.1_4149/ide/plugins/com.nxp.mcuxpresso.tools.win32_11.2.0.202008311134/tools/bin/../lib/gcc/arm-none-eabi/9.2.1/../../../../arm-none-eabi/lib/thumb/v7e-m+dp/hard\libcr_c.a(initio.o)
                0x30008fdc                _initio
 .text._Cwritebuf
                0x30009054       0x6c c:/nxp/mcuxpressoide_11.2.1_4149/ide/plugins/com.nxp.mcuxpresso.tools.win32_11.2.0.202008311134/tools/bin/../lib/gcc/arm-none-eabi/9.2.1/../../../../arm-none-eabi/lib/thumb/v7e-m+dp/hard\libcr_c.a(_writebuf.o)
                0x30009054                _Cwritebuf
 .text.fflush   0x300090c0       0x44 c:/nxp/mcuxpressoide_11.2.1_4149/ide/plugins/com.nxp.mcuxpresso.tools.win32_11.2.0.202008311134/tools/bin/../lib/gcc/arm-none-eabi/9.2.1/../../../../arm-none-eabi/lib/thumb/v7e-m+dp/hard\libcr_c.a(fflush.o)
                0x300090c0                fflush
 .text.fseek    0x30009104      0x100 c:/nxp/mcuxpressoide_11.2.1_4149/ide/plugins/com.nxp.mcuxpresso.tools.win32_11.2.0.202008311134/tools/bin/../lib/gcc/arm-none-eabi/9.2.1/../../../../arm-none-eabi/lib/thumb/v7e-m+dp/hard\libcr_c.a(fseek.o)
                0x30009104                fseek
 .text.ftell    0x30009204       0x44 c:/nxp/mcuxpressoide_11.2.1_4149/ide/plugins/com.nxp.mcuxpresso.tools.win32_11.2.0.202008311134/tools/bin/../lib/gcc/arm-none-eabi/9.2.1/../../../../arm-none-eabi/lib/thumb/v7e-m+dp/hard\libcr_c.a(ftell.o)
                0x30009204                ftell
 .text.CSI_ADAPTER_Deinit
                0x30009248       0x1e ./video/fsl_csi_camera_adapter.o
 .text.CSI_ADAPTER_Start
                0x30009266       0x24 ./video/fsl_csi_camera_adapter.o
 .text.CSI_ADAPTER_Stop
                0x3000928a       0x24 ./video/fsl_csi_camera_adapter.o
 .text.CSI_ADAPTER_SubmitEmptyBuffer
                0x300092ae       0x26 ./video/fsl_csi_camera_adapter.o
 .text.CSI_ADAPTER_GetFullBuffer
                0x300092d4       0x26 ./video/fsl_csi_camera_adapter.o
 .text.CSI_ADAPTER_Callback
                0x300092fa       0x4a ./video/fsl_csi_camera_adapter.o
 .text.CSI_ADAPTER_InitExt
                0x30009344       0x24 ./video/fsl_csi_camera_adapter.o
 .text.LCDIFV2_EnableDisplay
                0x30009368       0x38 ./video/fsl_dc_fb_lcdifv2.o
 .text.LCDIFV2_EnableInterrupts
                0x300093a0       0x3a ./video/fsl_dc_fb_lcdifv2.o
 .text.LCDIFV2_DisableInterrupts
                0x300093da       0x3c ./video/fsl_dc_fb_lcdifv2.o
 .text.LCDIFV2_GetInterruptStatus
                0x30009416       0x24 ./video/fsl_dc_fb_lcdifv2.o
 .text.LCDIFV2_ClearInterruptStatus
                0x3000943a       0x28 ./video/fsl_dc_fb_lcdifv2.o
 .text.LCDIFV2_SetLayerSize
                0x30009462       0x3c ./video/fsl_dc_fb_lcdifv2.o
 .text.LCDIFV2_SetLayerOffset
                0x3000949e       0x3e ./video/fsl_dc_fb_lcdifv2.o
 .text.LCDIFV2_SetLayerBufferAddr
                0x300094dc       0x2a ./video/fsl_dc_fb_lcdifv2.o
 .text.LCDIFV2_EnableLayer
                0x30009506       0x64 ./video/fsl_dc_fb_lcdifv2.o
 .text.LCDIFV2_TriggerLayerShadowLoad
                0x3000956a       0x38 ./video/fsl_dc_fb_lcdifv2.o
 .text.LCDIFV2_SetLayerBackGroundColor
                0x300095a2       0x2a ./video/fsl_dc_fb_lcdifv2.o
 .text.DC_FB_LCDIFV2_Init
                0x300095cc       0xea ./video/fsl_dc_fb_lcdifv2.o
                0x300095cc                DC_FB_LCDIFV2_Init
 .text.DC_FB_LCDIFV2_Deinit
                0x300096b6       0x4e ./video/fsl_dc_fb_lcdifv2.o
                0x300096b6                DC_FB_LCDIFV2_Deinit
 .text.DC_FB_LCDIFV2_GetProperty
                0x30009704       0x16 ./video/fsl_dc_fb_lcdifv2.o
                0x30009704                DC_FB_LCDIFV2_GetProperty
 .text.DC_FB_LCDIFV2_IRQHandler
                0x3000971a       0xde ./video/fsl_dc_fb_lcdifv2.o
                0x3000971a                DC_FB_LCDIFV2_IRQHandler
 .text.MIPI_DSI_DCS_SetDisplayOn
                0x300097f8       0x56 ./video/fsl_mipi_dsi_cmd.o
                0x300097f8                MIPI_DSI_DCS_SetDisplayOn
 .text.MIPI_DSI_DCS_EnterSleepMode
                0x3000984e       0x56 ./video/fsl_mipi_dsi_cmd.o
                0x3000984e                MIPI_DSI_DCS_EnterSleepMode
 .text.MIPI_DSI_GenericWrite
                0x300098a4       0x6a ./video/fsl_mipi_dsi_cmd.o
                0x300098a4                MIPI_DSI_GenericWrite
 .text.OV5640_LoadRegVal
                0x3000990e       0x60 ./video/fsl_ov5640.o
 .text.OV5640_Deinit
                0x3000996e       0x1c ./video/fsl_ov5640.o
                0x3000996e                OV5640_Deinit
 .text.OV5640_Start
                0x3000998a       0x28 ./video/fsl_ov5640.o
                0x3000998a                OV5640_Start
 .text.OV5640_Stop
                0x300099b2       0x28 ./video/fsl_ov5640.o
                0x300099b2                OV5640_Stop
 .text.OV5640_InitExt
                0x300099da       0x1e ./video/fsl_ov5640.o
                0x300099da                OV5640_InitExt
 .text.OV5640_SetBrightness
                0x300099f8       0xc0 ./video/fsl_ov5640.o
                0x300099f8                OV5640_SetBrightness
 .text.OV5640_SetContrast
                0x30009ab8       0xba ./video/fsl_ov5640.o
                0x30009ab8                OV5640_SetContrast
 .text.OV5640_SetSaturation
                0x30009b72       0xd0 ./video/fsl_ov5640.o
                0x30009b72                OV5640_SetSaturation
 .text.RM68200_Deinit
                0x30009c42       0x34 ./video/fsl_rm68200.o
                0x30009c42                RM68200_Deinit
 .text.RM68200_Start
                0x30009c76       0x24 ./video/fsl_rm68200.o
                0x30009c76                RM68200_Start
 .text.RM68200_Stop
                0x30009c9a       0x24 ./video/fsl_rm68200.o
                0x30009c9a                RM68200_Stop
 .text.SCCB_WriteReg
                0x30009cbe       0x30 ./video/fsl_sccb.o
                0x30009cbe                SCCB_WriteReg
 .text.SCCB_WriteMultiRegs
                0x30009cee       0x2e ./video/fsl_sccb.o
                0x30009cee                SCCB_WriteMultiRegs
 .text.SCCB_ReadReg
                0x30009d1c       0x2c ./video/fsl_sccb.o
                0x30009d1c                SCCB_ReadReg
 .text.SCCB_ModifyReg
                0x30009d48       0x6c ./video/fsl_sccb.o
                0x30009d48                SCCB_ModifyReg
 .text.DbgConsole_PrintCallback
                0x30009db4       0x66 ./utilities/fsl_debug_console.o
 .text.PrintGetWidth
                0x30009e1a       0x6a ./utilities/fsl_str.o
 .text.PrintGetPrecision
                0x30009e84       0x8c ./utilities/fsl_str.o
 .text.PrintIsobpu
                0x30009f10       0x38 ./utilities/fsl_str.o
 .text.PrintIsdi
                0x30009f48       0x2c ./utilities/fsl_str.o
 .text.PrintOutputdifFobpu
                0x30009f74       0x44 ./utilities/fsl_str.o
 .text.PrintOutputxX
                0x30009fb8       0x44 ./utilities/fsl_str.o
 .text.PrintIsfF
                0x30009ffc       0x2c ./utilities/fsl_str.o
 .text.PrintIsxX
                0x3000a028       0x2c ./utilities/fsl_str.o
 .text.PrintFilterLengthFlag
                0x3000a054       0x3e ./utilities/fsl_str.o
 .text.PrintGetRadixFromobpu
                0x3000a092       0x40 ./utilities/fsl_str.o
 .text.ConvertRadixNumToString
                0x3000a0d2      0x110 ./utilities/fsl_str.o
 .text.StrFormatPrintf
                0x3000a1e2      0x290 ./utilities/fsl_str.o
                0x3000a1e2                StrFormatPrintf
 .text.DMA0_DMA16_IRQHandler
                0x3000a472        0x8 ./startup/startup_mimxrt1176_cm7.o
                0x3000a472                DMA0_DMA16_IRQHandler
 .text.DMA1_DMA17_IRQHandler
                0x3000a47a        0x8 ./startup/startup_mimxrt1176_cm7.o
                0x3000a47a                DMA1_DMA17_IRQHandler
 .text.DMA2_DMA18_IRQHandler
                0x3000a482        0x8 ./startup/startup_mimxrt1176_cm7.o
                0x3000a482                DMA2_DMA18_IRQHandler
 .text.DMA3_DMA19_IRQHandler
                0x3000a48a        0x8 ./startup/startup_mimxrt1176_cm7.o
                0x3000a48a                DMA3_DMA19_IRQHandler
 .text.DMA4_DMA20_IRQHandler
                0x3000a492        0x8 ./startup/startup_mimxrt1176_cm7.o
                0x3000a492                DMA4_DMA20_IRQHandler
 .text.DMA5_DMA21_IRQHandler
                0x3000a49a        0x8 ./startup/startup_mimxrt1176_cm7.o
                0x3000a49a                DMA5_DMA21_IRQHandler
 .text.DMA6_DMA22_IRQHandler
                0x3000a4a2        0x8 ./startup/startup_mimxrt1176_cm7.o
                0x3000a4a2                DMA6_DMA22_IRQHandler
 .text.DMA7_DMA23_IRQHandler
                0x3000a4aa        0x8 ./startup/startup_mimxrt1176_cm7.o
                0x3000a4aa                DMA7_DMA23_IRQHandler
 .text.DMA8_DMA24_IRQHandler
                0x3000a4b2        0x8 ./startup/startup_mimxrt1176_cm7.o
                0x3000a4b2                DMA8_DMA24_IRQHandler
 .text.DMA9_DMA25_IRQHandler
                0x3000a4ba        0x8 ./startup/startup_mimxrt1176_cm7.o
                0x3000a4ba                DMA9_DMA25_IRQHandler
 .text.DMA10_DMA26_IRQHandler
                0x3000a4c2        0x8 ./startup/startup_mimxrt1176_cm7.o
                0x3000a4c2                DMA10_DMA26_IRQHandler
 .text.DMA11_DMA27_IRQHandler
                0x3000a4ca        0x8 ./startup/startup_mimxrt1176_cm7.o
                0x3000a4ca                DMA11_DMA27_IRQHandler
 .text.DMA12_DMA28_IRQHandler
                0x3000a4d2        0x8 ./startup/startup_mimxrt1176_cm7.o
                0x3000a4d2                DMA12_DMA28_IRQHandler
 .text.DMA13_DMA29_IRQHandler
                0x3000a4da        0x8 ./startup/startup_mimxrt1176_cm7.o
                0x3000a4da                DMA13_DMA29_IRQHandler
 .text.DMA14_DMA30_IRQHandler
                0x3000a4e2        0x8 ./startup/startup_mimxrt1176_cm7.o
                0x3000a4e2                DMA14_DMA30_IRQHandler
 .text.DMA15_DMA31_IRQHandler
                0x3000a4ea        0x8 ./startup/startup_mimxrt1176_cm7.o
                0x3000a4ea                DMA15_DMA31_IRQHandler
 .text.DMA_ERROR_IRQHandler
                0x3000a4f2        0x8 ./startup/startup_mimxrt1176_cm7.o
                0x3000a4f2                DMA_ERROR_IRQHandler
 .text.CTI0_ERROR_IRQHandler
                0x3000a4fa        0x8 ./startup/startup_mimxrt1176_cm7.o
                0x3000a4fa                CTI0_ERROR_IRQHandler
 .text.CTI1_ERROR_IRQHandler
                0x3000a502        0x8 ./startup/startup_mimxrt1176_cm7.o
                0x3000a502                CTI1_ERROR_IRQHandler
 .text.CORE_IRQHandler
                0x3000a50a        0x8 ./startup/startup_mimxrt1176_cm7.o
                0x3000a50a                CORE_IRQHandler
 .text.LPUART1_IRQHandler
                0x3000a512        0x8 ./startup/startup_mimxrt1176_cm7.o
                0x3000a512                LPUART1_IRQHandler
 .text.LPUART2_IRQHandler
                0x3000a51a        0x8 ./startup/startup_mimxrt1176_cm7.o
                0x3000a51a                LPUART2_IRQHandler
 .text.LPUART3_IRQHandler
                0x3000a522        0x8 ./startup/startup_mimxrt1176_cm7.o
                0x3000a522                LPUART3_IRQHandler
 .text.LPUART4_IRQHandler
                0x3000a52a        0x8 ./startup/startup_mimxrt1176_cm7.o
                0x3000a52a                LPUART4_IRQHandler
 .text.LPUART5_IRQHandler
                0x3000a532        0x8 ./startup/startup_mimxrt1176_cm7.o
                0x3000a532                LPUART5_IRQHandler
 .text.LPUART6_IRQHandler
                0x3000a53a        0x8 ./startup/startup_mimxrt1176_cm7.o
                0x3000a53a                LPUART6_IRQHandler
 .text.LPUART7_IRQHandler
                0x3000a542        0x8 ./startup/startup_mimxrt1176_cm7.o
                0x3000a542                LPUART7_IRQHandler
 .text.LPUART8_IRQHandler
                0x3000a54a        0x8 ./startup/startup_mimxrt1176_cm7.o
                0x3000a54a                LPUART8_IRQHandler
 .text.LPUART9_IRQHandler
                0x3000a552        0x8 ./startup/startup_mimxrt1176_cm7.o
                0x3000a552                LPUART9_IRQHandler
 .text.LPUART10_IRQHandler
                0x3000a55a        0x8 ./startup/startup_mimxrt1176_cm7.o
                0x3000a55a                LPUART10_IRQHandler
 .text.LPUART11_IRQHandler
                0x3000a562        0x8 ./startup/startup_mimxrt1176_cm7.o
                0x3000a562                LPUART11_IRQHandler
 .text.LPUART12_IRQHandler
                0x3000a56a        0x8 ./startup/startup_mimxrt1176_cm7.o
                0x3000a56a                LPUART12_IRQHandler
 .text.LPI2C1_IRQHandler
                0x3000a572        0x8 ./startup/startup_mimxrt1176_cm7.o
                0x3000a572                LPI2C1_IRQHandler
 .text.LPI2C2_IRQHandler
                0x3000a57a        0x8 ./startup/startup_mimxrt1176_cm7.o
                0x3000a57a                LPI2C2_IRQHandler
 .text.LPI2C3_IRQHandler
                0x3000a582        0x8 ./startup/startup_mimxrt1176_cm7.o
                0x3000a582                LPI2C3_IRQHandler
 .text.LPI2C4_IRQHandler
                0x3000a58a        0x8 ./startup/startup_mimxrt1176_cm7.o
                0x3000a58a                LPI2C4_IRQHandler
 .text.LPI2C5_IRQHandler
                0x3000a592        0x8 ./startup/startup_mimxrt1176_cm7.o
                0x3000a592                LPI2C5_IRQHandler
 .text.LPI2C6_IRQHandler
                0x3000a59a        0x8 ./startup/startup_mimxrt1176_cm7.o
                0x3000a59a                LPI2C6_IRQHandler
 .text.LPSPI1_IRQHandler
                0x3000a5a2        0x8 ./startup/startup_mimxrt1176_cm7.o
                0x3000a5a2                LPSPI1_IRQHandler
 .text.LPSPI2_IRQHandler
                0x3000a5aa        0x8 ./startup/startup_mimxrt1176_cm7.o
                0x3000a5aa                LPSPI2_IRQHandler
 .text.LPSPI3_IRQHandler
                0x3000a5b2        0x8 ./startup/startup_mimxrt1176_cm7.o
                0x3000a5b2                LPSPI3_IRQHandler
 .text.LPSPI4_IRQHandler
                0x3000a5ba        0x8 ./startup/startup_mimxrt1176_cm7.o
                0x3000a5ba                LPSPI4_IRQHandler
 .text.LPSPI5_IRQHandler
                0x3000a5c2        0x8 ./startup/startup_mimxrt1176_cm7.o
                0x3000a5c2                LPSPI5_IRQHandler
 .text.LPSPI6_IRQHandler
                0x3000a5ca        0x8 ./startup/startup_mimxrt1176_cm7.o
                0x3000a5ca                LPSPI6_IRQHandler
 .text.CAN1_IRQHandler
                0x3000a5d2        0x8 ./startup/startup_mimxrt1176_cm7.o
                0x3000a5d2                CAN1_IRQHandler
 .text.CAN1_ERROR_IRQHandler
                0x3000a5da        0x8 ./startup/startup_mimxrt1176_cm7.o
                0x3000a5da                CAN1_ERROR_IRQHandler
 .text.CAN2_IRQHandler
                0x3000a5e2        0x8 ./startup/startup_mimxrt1176_cm7.o
                0x3000a5e2                CAN2_IRQHandler
 .text.CAN2_ERROR_IRQHandler
                0x3000a5ea        0x8 ./startup/startup_mimxrt1176_cm7.o
                0x3000a5ea                CAN2_ERROR_IRQHandler
 .text.CAN3_IRQHandler
                0x3000a5f2        0x8 ./startup/startup_mimxrt1176_cm7.o
                0x3000a5f2                CAN3_IRQHandler
 .text.CAN3_ERROR_IRQHandler
                0x3000a5fa        0x8 ./startup/startup_mimxrt1176_cm7.o
                0x3000a5fa                CAN3_ERROR_IRQHandler
 .text.FLEXRAM_IRQHandler
                0x3000a602        0x8 ./startup/startup_mimxrt1176_cm7.o
                0x3000a602                FLEXRAM_IRQHandler
 .text.KPP_IRQHandler
                0x3000a60a        0x8 ./startup/startup_mimxrt1176_cm7.o
                0x3000a60a                KPP_IRQHandler
 .text.Reserved68_IRQHandler
                0x3000a612        0x8 ./startup/startup_mimxrt1176_cm7.o
                0x3000a612                Reserved68_IRQHandler
 .text.GPR_IRQ_IRQHandler
                0x3000a61a        0x8 ./startup/startup_mimxrt1176_cm7.o
                0x3000a61a                GPR_IRQ_IRQHandler
 .text.LCDIF1_IRQHandler
                0x3000a622        0x8 ./startup/startup_mimxrt1176_cm7.o
                0x3000a622                LCDIF1_IRQHandler
 .text.PXP_IRQHandler
                0x3000a62a        0x8 ./startup/startup_mimxrt1176_cm7.o
                0x3000a62a                PXP_IRQHandler
 .text.MIPI_CSI_IRQHandler
                0x3000a632        0x8 ./startup/startup_mimxrt1176_cm7.o
                0x3000a632                MIPI_CSI_IRQHandler
 .text.MIPI_DSI_IRQHandler
                0x3000a63a        0x8 ./startup/startup_mimxrt1176_cm7.o
                0x3000a63a                MIPI_DSI_IRQHandler
 .text.GPU2D_IRQHandler
                0x3000a642        0x8 ./startup/startup_mimxrt1176_cm7.o
                0x3000a642                GPU2D_IRQHandler
 .text.GPIO6_Combined_0_15_IRQHandler
                0x3000a64a        0x8 ./startup/startup_mimxrt1176_cm7.o
                0x3000a64a                GPIO6_Combined_0_15_IRQHandler
 .text.GPIO6_Combined_16_31_IRQHandler
                0x3000a652        0x8 ./startup/startup_mimxrt1176_cm7.o
                0x3000a652                GPIO6_Combined_16_31_IRQHandler
 .text.DAC_IRQHandler
                0x3000a65a        0x8 ./startup/startup_mimxrt1176_cm7.o
                0x3000a65a                DAC_IRQHandler
 .text.KEY_MANAGER_IRQHandler
                0x3000a662        0x8 ./startup/startup_mimxrt1176_cm7.o
                0x3000a662                KEY_MANAGER_IRQHandler
 .text.WDOG2_IRQHandler
                0x3000a66a        0x8 ./startup/startup_mimxrt1176_cm7.o
                0x3000a66a                WDOG2_IRQHandler
 .text.SNVS_HP_WRAPPER_IRQHandler
                0x3000a672        0x8 ./startup/startup_mimxrt1176_cm7.o
                0x3000a672                SNVS_HP_WRAPPER_IRQHandler
 .text.SNVS_HP_WRAPPER_TZ_IRQHandler
                0x3000a67a        0x8 ./startup/startup_mimxrt1176_cm7.o
                0x3000a67a                SNVS_HP_WRAPPER_TZ_IRQHandler
 .text.SNVS_LP_WRAPPER_IRQHandler
                0x3000a682        0x8 ./startup/startup_mimxrt1176_cm7.o
                0x3000a682                SNVS_LP_WRAPPER_IRQHandler
 .text.CAAM_IRQ0_IRQHandler
                0x3000a68a        0x8 ./startup/startup_mimxrt1176_cm7.o
                0x3000a68a                CAAM_IRQ0_IRQHandler
 .text.CAAM_IRQ1_IRQHandler
                0x3000a692        0x8 ./startup/startup_mimxrt1176_cm7.o
                0x3000a692                CAAM_IRQ1_IRQHandler
 .text.CAAM_IRQ2_IRQHandler
                0x3000a69a        0x8 ./startup/startup_mimxrt1176_cm7.o
                0x3000a69a                CAAM_IRQ2_IRQHandler
 .text.CAAM_IRQ3_IRQHandler
                0x3000a6a2        0x8 ./startup/startup_mimxrt1176_cm7.o
                0x3000a6a2                CAAM_IRQ3_IRQHandler
 .text.CAAM_RECORVE_ERRPR_IRQHandler
                0x3000a6aa        0x8 ./startup/startup_mimxrt1176_cm7.o
                0x3000a6aa                CAAM_RECORVE_ERRPR_IRQHandler
 .text.CAAM_RTC_IRQHandler
                0x3000a6b2        0x8 ./startup/startup_mimxrt1176_cm7.o
                0x3000a6b2                CAAM_RTC_IRQHandler
 .text.Reserved91_IRQHandler
                0x3000a6ba        0x8 ./startup/startup_mimxrt1176_cm7.o
                0x3000a6ba                Reserved91_IRQHandler
 .text.SAI1_IRQHandler
                0x3000a6c2        0x8 ./startup/startup_mimxrt1176_cm7.o
                0x3000a6c2                SAI1_IRQHandler
 .text.SAI2_IRQHandler
                0x3000a6ca        0x8 ./startup/startup_mimxrt1176_cm7.o
                0x3000a6ca                SAI2_IRQHandler
 .text.SAI3_RX_IRQHandler
                0x3000a6d2        0x8 ./startup/startup_mimxrt1176_cm7.o
                0x3000a6d2                SAI3_RX_IRQHandler
 .text.SAI3_TX_IRQHandler
                0x3000a6da        0x8 ./startup/startup_mimxrt1176_cm7.o
                0x3000a6da                SAI3_TX_IRQHandler
 .text.SAI4_RX_IRQHandler
                0x3000a6e2        0x8 ./startup/startup_mimxrt1176_cm7.o
                0x3000a6e2                SAI4_RX_IRQHandler
 .text.SAI4_TX_IRQHandler
                0x3000a6ea        0x8 ./startup/startup_mimxrt1176_cm7.o
                0x3000a6ea                SAI4_TX_IRQHandler
 .text.SPDIF_IRQHandler
                0x3000a6f2        0x8 ./startup/startup_mimxrt1176_cm7.o
                0x3000a6f2                SPDIF_IRQHandler
 .text.ANATOP_TEMP_INT_IRQHandler
                0x3000a6fa        0x8 ./startup/startup_mimxrt1176_cm7.o
                0x3000a6fa                ANATOP_TEMP_INT_IRQHandler
 .text.ANATOP_TEMP_LOW_HIGH_IRQHandler
                0x3000a702        0x8 ./startup/startup_mimxrt1176_cm7.o
                0x3000a702                ANATOP_TEMP_LOW_HIGH_IRQHandler
 .text.ANATOP_TEMP_PANIC_IRQHandler
                0x3000a70a        0x8 ./startup/startup_mimxrt1176_cm7.o
                0x3000a70a                ANATOP_TEMP_PANIC_IRQHandler
 .text.ANATOP_LP8_BROWNOUT_IRQHandler
                0x3000a712        0x8 ./startup/startup_mimxrt1176_cm7.o
                0x3000a712                ANATOP_LP8_BROWNOUT_IRQHandler
 .text.ANATOP_LP0_BROWNOUT_IRQHandler
                0x3000a71a        0x8 ./startup/startup_mimxrt1176_cm7.o
                0x3000a71a                ANATOP_LP0_BROWNOUT_IRQHandler
 .text.ADC1_IRQHandler
                0x3000a722        0x8 ./startup/startup_mimxrt1176_cm7.o
                0x3000a722                ADC1_IRQHandler
 .text.ADC2_IRQHandler
                0x3000a72a        0x8 ./startup/startup_mimxrt1176_cm7.o
                0x3000a72a                ADC2_IRQHandler
 .text.USBPHY1_IRQHandler
                0x3000a732        0x8 ./startup/startup_mimxrt1176_cm7.o
                0x3000a732                USBPHY1_IRQHandler
 .text.USBPHY2_IRQHandler
                0x3000a73a        0x8 ./startup/startup_mimxrt1176_cm7.o
                0x3000a73a                USBPHY2_IRQHandler
 .text.RDC_IRQHandler
                0x3000a742        0x8 ./startup/startup_mimxrt1176_cm7.o
                0x3000a742                RDC_IRQHandler
 .text.GPIO13_Combined_0_31_IRQHandler
                0x3000a74a        0x8 ./startup/startup_mimxrt1176_cm7.o
                0x3000a74a                GPIO13_Combined_0_31_IRQHandler
 .text.SFA_IRQHandler
                0x3000a752        0x8 ./startup/startup_mimxrt1176_cm7.o
                0x3000a752                SFA_IRQHandler
 .text.DCIC1_IRQHandler
                0x3000a75a        0x8 ./startup/startup_mimxrt1176_cm7.o
                0x3000a75a                DCIC1_IRQHandler
 .text.DCIC2_IRQHandler
                0x3000a762        0x8 ./startup/startup_mimxrt1176_cm7.o
                0x3000a762                DCIC2_IRQHandler
 .text.ASRC_IRQHandler
                0x3000a76a        0x8 ./startup/startup_mimxrt1176_cm7.o
                0x3000a76a                ASRC_IRQHandler
 .text.FLEXRAM_ECC_IRQHandler
                0x3000a772        0x8 ./startup/startup_mimxrt1176_cm7.o
                0x3000a772                FLEXRAM_ECC_IRQHandler
 .text.CM7_GPIO2_3_IRQHandler
                0x3000a77a        0x8 ./startup/startup_mimxrt1176_cm7.o
                0x3000a77a                CM7_GPIO2_3_IRQHandler
 .text.GPIO1_Combined_0_15_IRQHandler
                0x3000a782        0x8 ./startup/startup_mimxrt1176_cm7.o
                0x3000a782                GPIO1_Combined_0_15_IRQHandler
 .text.GPIO1_Combined_16_31_IRQHandler
                0x3000a78a        0x8 ./startup/startup_mimxrt1176_cm7.o
                0x3000a78a                GPIO1_Combined_16_31_IRQHandler
 .text.GPIO2_Combined_0_15_IRQHandler
                0x3000a792        0x8 ./startup/startup_mimxrt1176_cm7.o
                0x3000a792                GPIO2_Combined_0_15_IRQHandler
 .text.GPIO2_Combined_16_31_IRQHandler
                0x3000a79a        0x8 ./startup/startup_mimxrt1176_cm7.o
                0x3000a79a                GPIO2_Combined_16_31_IRQHandler
 .text.GPIO3_Combined_0_15_IRQHandler
                0x3000a7a2        0x8 ./startup/startup_mimxrt1176_cm7.o
                0x3000a7a2                GPIO3_Combined_0_15_IRQHandler
 .text.GPIO3_Combined_16_31_IRQHandler
                0x3000a7aa        0x8 ./startup/startup_mimxrt1176_cm7.o
                0x3000a7aa                GPIO3_Combined_16_31_IRQHandler
 .text.GPIO4_Combined_0_15_IRQHandler
                0x3000a7b2        0x8 ./startup/startup_mimxrt1176_cm7.o
                0x3000a7b2                GPIO4_Combined_0_15_IRQHandler
 .text.GPIO4_Combined_16_31_IRQHandler
                0x3000a7ba        0x8 ./startup/startup_mimxrt1176_cm7.o
                0x3000a7ba                GPIO4_Combined_16_31_IRQHandler
 .text.GPIO5_Combined_0_15_IRQHandler
                0x3000a7c2        0x8 ./startup/startup_mimxrt1176_cm7.o
                0x3000a7c2                GPIO5_Combined_0_15_IRQHandler
 .text.GPIO5_Combined_16_31_IRQHandler
                0x3000a7ca        0x8 ./startup/startup_mimxrt1176_cm7.o
                0x3000a7ca                GPIO5_Combined_16_31_IRQHandler
 .text.FLEXIO1_IRQHandler
                0x3000a7d2        0x8 ./startup/startup_mimxrt1176_cm7.o
                0x3000a7d2                FLEXIO1_IRQHandler
 .text.FLEXIO2_IRQHandler
                0x3000a7da        0x8 ./startup/startup_mimxrt1176_cm7.o
                0x3000a7da                FLEXIO2_IRQHandler
 .text.WDOG1_IRQHandler
                0x3000a7e2        0x8 ./startup/startup_mimxrt1176_cm7.o
                0x3000a7e2                WDOG1_IRQHandler
 .text.RTWDOG3_IRQHandler
                0x3000a7ea        0x8 ./startup/startup_mimxrt1176_cm7.o
                0x3000a7ea                RTWDOG3_IRQHandler
 .text.EWM_IRQHandler
                0x3000a7f2        0x8 ./startup/startup_mimxrt1176_cm7.o
                0x3000a7f2                EWM_IRQHandler
 .text.OCOTP_READ_FUSE_ERROR_IRQHandler
                0x3000a7fa        0x8 ./startup/startup_mimxrt1176_cm7.o
                0x3000a7fa                OCOTP_READ_FUSE_ERROR_IRQHandler
 .text.OCOTP_READ_DONE_ERROR_IRQHandler
                0x3000a802        0x8 ./startup/startup_mimxrt1176_cm7.o
                0x3000a802                OCOTP_READ_DONE_ERROR_IRQHandler
 .text.GPC_IRQHandler
                0x3000a80a        0x8 ./startup/startup_mimxrt1176_cm7.o
                0x3000a80a                GPC_IRQHandler
 .text.MUA_IRQHandler
                0x3000a812        0x8 ./startup/startup_mimxrt1176_cm7.o
                0x3000a812                MUA_IRQHandler
 .text.GPT1_IRQHandler
                0x3000a81a        0x8 ./startup/startup_mimxrt1176_cm7.o
                0x3000a81a                GPT1_IRQHandler
 .text.GPT2_IRQHandler
                0x3000a822        0x8 ./startup/startup_mimxrt1176_cm7.o
                0x3000a822                GPT2_IRQHandler
 .text.GPT3_IRQHandler
                0x3000a82a        0x8 ./startup/startup_mimxrt1176_cm7.o
                0x3000a82a                GPT3_IRQHandler
 .text.GPT4_IRQHandler
                0x3000a832        0x8 ./startup/startup_mimxrt1176_cm7.o
                0x3000a832                GPT4_IRQHandler
 .text.GPT5_IRQHandler
                0x3000a83a        0x8 ./startup/startup_mimxrt1176_cm7.o
                0x3000a83a                GPT5_IRQHandler
 .text.GPT6_IRQHandler
                0x3000a842        0x8 ./startup/startup_mimxrt1176_cm7.o
                0x3000a842                GPT6_IRQHandler
 .text.PWM1_0_IRQHandler
                0x3000a84a        0x8 ./startup/startup_mimxrt1176_cm7.o
                0x3000a84a                PWM1_0_IRQHandler
 .text.PWM1_1_IRQHandler
                0x3000a852        0x8 ./startup/startup_mimxrt1176_cm7.o
                0x3000a852                PWM1_1_IRQHandler
 .text.PWM1_2_IRQHandler
                0x3000a85a        0x8 ./startup/startup_mimxrt1176_cm7.o
                0x3000a85a                PWM1_2_IRQHandler
 .text.PWM1_3_IRQHandler
                0x3000a862        0x8 ./startup/startup_mimxrt1176_cm7.o
                0x3000a862                PWM1_3_IRQHandler
 .text.PWM1_FAULT_IRQHandler
                0x3000a86a        0x8 ./startup/startup_mimxrt1176_cm7.o
                0x3000a86a                PWM1_FAULT_IRQHandler
 .text.FLEXSPI1_IRQHandler
                0x3000a872        0x8 ./startup/startup_mimxrt1176_cm7.o
                0x3000a872                FLEXSPI1_IRQHandler
 .text.FLEXSPI2_IRQHandler
                0x3000a87a        0x8 ./startup/startup_mimxrt1176_cm7.o
                0x3000a87a                FLEXSPI2_IRQHandler
 .text.SEMC_IRQHandler
                0x3000a882        0x8 ./startup/startup_mimxrt1176_cm7.o
                0x3000a882                SEMC_IRQHandler
 .text.USDHC1_IRQHandler
                0x3000a88a        0x8 ./startup/startup_mimxrt1176_cm7.o
                0x3000a88a                USDHC1_IRQHandler
 .text.USDHC2_IRQHandler
                0x3000a892        0x8 ./startup/startup_mimxrt1176_cm7.o
                0x3000a892                USDHC2_IRQHandler
 .text.USB_OTG2_IRQHandler
                0x3000a89a        0x8 ./startup/startup_mimxrt1176_cm7.o
                0x3000a89a                USB_OTG2_IRQHandler
 .text.USB_OTG1_IRQHandler
                0x3000a8a2        0x8 ./startup/startup_mimxrt1176_cm7.o
                0x3000a8a2                USB_OTG1_IRQHandler
 .text.ENET_IRQHandler
                0x3000a8aa        0x8 ./startup/startup_mimxrt1176_cm7.o
                0x3000a8aa                ENET_IRQHandler
 .text.ENET_1588_Timer_IRQHandler
                0x3000a8b2        0x8 ./startup/startup_mimxrt1176_cm7.o
                0x3000a8b2                ENET_1588_Timer_IRQHandler
 .text.ENET_MAC0_Tx_Rx_Done_0_IRQHandler
                0x3000a8ba        0x8 ./startup/startup_mimxrt1176_cm7.o
                0x3000a8ba                ENET_MAC0_Tx_Rx_Done_0_IRQHandler
 .text.ENET_MAC0_Tx_Rx_Done_1_IRQHandler
                0x3000a8c2        0x8 ./startup/startup_mimxrt1176_cm7.o
                0x3000a8c2                ENET_MAC0_Tx_Rx_Done_1_IRQHandler
 .text.ENET_1G_IRQHandler
                0x3000a8ca        0x8 ./startup/startup_mimxrt1176_cm7.o
                0x3000a8ca                ENET_1G_IRQHandler
 .text.ENET_1G_1588_Timer_IRQHandler
                0x3000a8d2        0x8 ./startup/startup_mimxrt1176_cm7.o
                0x3000a8d2                ENET_1G_1588_Timer_IRQHandler
 .text.XBAR1_IRQ_0_1_IRQHandler
                0x3000a8da        0x8 ./startup/startup_mimxrt1176_cm7.o
                0x3000a8da                XBAR1_IRQ_0_1_IRQHandler
 .text.XBAR1_IRQ_2_3_IRQHandler
                0x3000a8e2        0x8 ./startup/startup_mimxrt1176_cm7.o
                0x3000a8e2                XBAR1_IRQ_2_3_IRQHandler
 .text.ADC_ETC_IRQ0_IRQHandler
                0x3000a8ea        0x8 ./startup/startup_mimxrt1176_cm7.o
                0x3000a8ea                ADC_ETC_IRQ0_IRQHandler
 .text.ADC_ETC_IRQ1_IRQHandler
                0x3000a8f2        0x8 ./startup/startup_mimxrt1176_cm7.o
                0x3000a8f2                ADC_ETC_IRQ1_IRQHandler
 .text.ADC_ETC_IRQ2_IRQHandler
                0x3000a8fa        0x8 ./startup/startup_mimxrt1176_cm7.o
                0x3000a8fa                ADC_ETC_IRQ2_IRQHandler
 .text.ADC_ETC_IRQ3_IRQHandler
                0x3000a902        0x8 ./startup/startup_mimxrt1176_cm7.o
                0x3000a902                ADC_ETC_IRQ3_IRQHandler
 .text.ADC_ETC_ERROR_IRQ_IRQHandler
                0x3000a90a        0x8 ./startup/startup_mimxrt1176_cm7.o
                0x3000a90a                ADC_ETC_ERROR_IRQ_IRQHandler
 .text.Reserved166_IRQHandler
                0x3000a912        0x8 ./startup/startup_mimxrt1176_cm7.o
                0x3000a912                Reserved166_IRQHandler
 .text.Reserved167_IRQHandler
                0x3000a91a        0x8 ./startup/startup_mimxrt1176_cm7.o
                0x3000a91a                Reserved167_IRQHandler
 .text.Reserved168_IRQHandler
                0x3000a922        0x8 ./startup/startup_mimxrt1176_cm7.o
                0x3000a922                Reserved168_IRQHandler
 .text.Reserved169_IRQHandler
                0x3000a92a        0x8 ./startup/startup_mimxrt1176_cm7.o
                0x3000a92a                Reserved169_IRQHandler
 .text.Reserved170_IRQHandler
                0x3000a932        0x8 ./startup/startup_mimxrt1176_cm7.o
                0x3000a932                Reserved170_IRQHandler
 .text.PIT1_IRQHandler
                0x3000a93a        0x8 ./startup/startup_mimxrt1176_cm7.o
                0x3000a93a                PIT1_IRQHandler
 .text.PIT2_IRQHandler
                0x3000a942        0x8 ./startup/startup_mimxrt1176_cm7.o
                0x3000a942                PIT2_IRQHandler
 .text.ACMP1_IRQHandler
                0x3000a94a        0x8 ./startup/startup_mimxrt1176_cm7.o
                0x3000a94a                ACMP1_IRQHandler
 .text.ACMP2_IRQHandler
                0x3000a952        0x8 ./startup/startup_mimxrt1176_cm7.o
                0x3000a952                ACMP2_IRQHandler
 .text.ACMP3_IRQHandler
                0x3000a95a        0x8 ./startup/startup_mimxrt1176_cm7.o
                0x3000a95a                ACMP3_IRQHandler
 .text.ACMP4_IRQHandler
                0x3000a962        0x8 ./startup/startup_mimxrt1176_cm7.o
                0x3000a962                ACMP4_IRQHandler
 .text.Reserved177_IRQHandler
                0x3000a96a        0x8 ./startup/startup_mimxrt1176_cm7.o
                0x3000a96a                Reserved177_IRQHandler
 .text.Reserved178_IRQHandler
                0x3000a972        0x8 ./startup/startup_mimxrt1176_cm7.o
                0x3000a972                Reserved178_IRQHandler
 .text.Reserved179_IRQHandler
                0x3000a97a        0x8 ./startup/startup_mimxrt1176_cm7.o
                0x3000a97a                Reserved179_IRQHandler
 .text.Reserved180_IRQHandler
                0x3000a982        0x8 ./startup/startup_mimxrt1176_cm7.o
                0x3000a982                Reserved180_IRQHandler
 .text.ENC1_IRQHandler
                0x3000a98a        0x8 ./startup/startup_mimxrt1176_cm7.o
                0x3000a98a                ENC1_IRQHandler
 .text.ENC2_IRQHandler
                0x3000a992        0x8 ./startup/startup_mimxrt1176_cm7.o
                0x3000a992                ENC2_IRQHandler
 .text.ENC3_IRQHandler
                0x3000a99a        0x8 ./startup/startup_mimxrt1176_cm7.o
                0x3000a99a                ENC3_IRQHandler
 .text.ENC4_IRQHandler
                0x3000a9a2        0x8 ./startup/startup_mimxrt1176_cm7.o
                0x3000a9a2                ENC4_IRQHandler
 .text.Reserved185_IRQHandler
                0x3000a9aa        0x8 ./startup/startup_mimxrt1176_cm7.o
                0x3000a9aa                Reserved185_IRQHandler
 .text.Reserved186_IRQHandler
                0x3000a9b2        0x8 ./startup/startup_mimxrt1176_cm7.o
                0x3000a9b2                Reserved186_IRQHandler
 .text.TMR1_IRQHandler
                0x3000a9ba        0x8 ./startup/startup_mimxrt1176_cm7.o
                0x3000a9ba                TMR1_IRQHandler
 .text.TMR2_IRQHandler
                0x3000a9c2        0x8 ./startup/startup_mimxrt1176_cm7.o
                0x3000a9c2                TMR2_IRQHandler
 .text.TMR3_IRQHandler
                0x3000a9ca        0x8 ./startup/startup_mimxrt1176_cm7.o
                0x3000a9ca                TMR3_IRQHandler
 .text.TMR4_IRQHandler
                0x3000a9d2        0x8 ./startup/startup_mimxrt1176_cm7.o
                0x3000a9d2                TMR4_IRQHandler
 .text.SEMA4_CP0_IRQHandler
                0x3000a9da        0x8 ./startup/startup_mimxrt1176_cm7.o
                0x3000a9da                SEMA4_CP0_IRQHandler
 .text.SEMA4_CP1_IRQHandler
                0x3000a9e2        0x8 ./startup/startup_mimxrt1176_cm7.o
                0x3000a9e2                SEMA4_CP1_IRQHandler
 .text.PWM2_0_IRQHandler
                0x3000a9ea        0x8 ./startup/startup_mimxrt1176_cm7.o
                0x3000a9ea                PWM2_0_IRQHandler
 .text.PWM2_1_IRQHandler
                0x3000a9f2        0x8 ./startup/startup_mimxrt1176_cm7.o
                0x3000a9f2                PWM2_1_IRQHandler
 .text.PWM2_2_IRQHandler
                0x3000a9fa        0x8 ./startup/startup_mimxrt1176_cm7.o
                0x3000a9fa                PWM2_2_IRQHandler
 .text.PWM2_3_IRQHandler
                0x3000aa02        0x8 ./startup/startup_mimxrt1176_cm7.o
                0x3000aa02                PWM2_3_IRQHandler
 .text.PWM2_FAULT_IRQHandler
                0x3000aa0a        0x8 ./startup/startup_mimxrt1176_cm7.o
                0x3000aa0a                PWM2_FAULT_IRQHandler
 .text.PWM3_0_IRQHandler
                0x3000aa12        0x8 ./startup/startup_mimxrt1176_cm7.o
                0x3000aa12                PWM3_0_IRQHandler
 .text.PWM3_1_IRQHandler
                0x3000aa1a        0x8 ./startup/startup_mimxrt1176_cm7.o
                0x3000aa1a                PWM3_1_IRQHandler
 .text.PWM3_2_IRQHandler
                0x3000aa22        0x8 ./startup/startup_mimxrt1176_cm7.o
                0x3000aa22                PWM3_2_IRQHandler
 .text.PWM3_3_IRQHandler
                0x3000aa2a        0x8 ./startup/startup_mimxrt1176_cm7.o
                0x3000aa2a                PWM3_3_IRQHandler
 .text.PWM3_FAULT_IRQHandler
                0x3000aa32        0x8 ./startup/startup_mimxrt1176_cm7.o
                0x3000aa32                PWM3_FAULT_IRQHandler
 .text.PWM4_0_IRQHandler
                0x3000aa3a        0x8 ./startup/startup_mimxrt1176_cm7.o
                0x3000aa3a                PWM4_0_IRQHandler
 .text.PWM4_1_IRQHandler
                0x3000aa42        0x8 ./startup/startup_mimxrt1176_cm7.o
                0x3000aa42                PWM4_1_IRQHandler
 .text.PWM4_2_IRQHandler
                0x3000aa4a        0x8 ./startup/startup_mimxrt1176_cm7.o
                0x3000aa4a                PWM4_2_IRQHandler
 .text.PWM4_3_IRQHandler
                0x3000aa52        0x8 ./startup/startup_mimxrt1176_cm7.o
                0x3000aa52                PWM4_3_IRQHandler
 .text.PWM4_FAULT_IRQHandler
                0x3000aa5a        0x8 ./startup/startup_mimxrt1176_cm7.o
                0x3000aa5a                PWM4_FAULT_IRQHandler
 .text.Reserved208_IRQHandler
                0x3000aa62        0x8 ./startup/startup_mimxrt1176_cm7.o
                0x3000aa62                Reserved208_IRQHandler
 .text.Reserved209_IRQHandler
                0x3000aa6a        0x8 ./startup/startup_mimxrt1176_cm7.o
                0x3000aa6a                Reserved209_IRQHandler
 .text.Reserved210_IRQHandler
                0x3000aa72        0x8 ./startup/startup_mimxrt1176_cm7.o
                0x3000aa72                Reserved210_IRQHandler
 .text.Reserved211_IRQHandler
                0x3000aa7a        0x8 ./startup/startup_mimxrt1176_cm7.o
                0x3000aa7a                Reserved211_IRQHandler
 .text.Reserved212_IRQHandler
                0x3000aa82        0x8 ./startup/startup_mimxrt1176_cm7.o
                0x3000aa82                Reserved212_IRQHandler
 .text.Reserved213_IRQHandler
                0x3000aa8a        0x8 ./startup/startup_mimxrt1176_cm7.o
                0x3000aa8a                Reserved213_IRQHandler
 .text.Reserved214_IRQHandler
                0x3000aa92        0x8 ./startup/startup_mimxrt1176_cm7.o
                0x3000aa92                Reserved214_IRQHandler
 .text.Reserved215_IRQHandler
                0x3000aa9a        0x8 ./startup/startup_mimxrt1176_cm7.o
                0x3000aa9a                Reserved215_IRQHandler
 .text.Reserved216_IRQHandler
                0x3000aaa2        0x8 ./startup/startup_mimxrt1176_cm7.o
                0x3000aaa2                Reserved216_IRQHandler
 .text.Reserved217_IRQHandler
                0x3000aaaa        0x8 ./startup/startup_mimxrt1176_cm7.o
                0x3000aaaa                Reserved217_IRQHandler
 .text.PDM_EVENT_IRQHandler
                0x3000aab2        0x8 ./startup/startup_mimxrt1176_cm7.o
                0x3000aab2                PDM_EVENT_IRQHandler
 .text.PDM_ERROR_IRQHandler
                0x3000aaba        0x8 ./startup/startup_mimxrt1176_cm7.o
                0x3000aaba                PDM_ERROR_IRQHandler
 .text.EMVSIM1_IRQHandler
                0x3000aac2        0x8 ./startup/startup_mimxrt1176_cm7.o
                0x3000aac2                EMVSIM1_IRQHandler
 .text.EMVSIM2_IRQHandler
                0x3000aaca        0x8 ./startup/startup_mimxrt1176_cm7.o
                0x3000aaca                EMVSIM2_IRQHandler
 .text.MECC1_INIT_IRQHandler
                0x3000aad2        0x8 ./startup/startup_mimxrt1176_cm7.o
                0x3000aad2                MECC1_INIT_IRQHandler
 .text.MECC1_FATAL_INIT_IRQHandler
                0x3000aada        0x8 ./startup/startup_mimxrt1176_cm7.o
                0x3000aada                MECC1_FATAL_INIT_IRQHandler
 .text.MECC2_INIT_IRQHandler
                0x3000aae2        0x8 ./startup/startup_mimxrt1176_cm7.o
                0x3000aae2                MECC2_INIT_IRQHandler
 .text.MECC2_FATAL_INIT_IRQHandler
                0x3000aaea        0x8 ./startup/startup_mimxrt1176_cm7.o
                0x3000aaea                MECC2_FATAL_INIT_IRQHandler
 .text.XECC_FLEXSPI1_INIT_IRQHandler
                0x3000aaf2        0x8 ./startup/startup_mimxrt1176_cm7.o
                0x3000aaf2                XECC_FLEXSPI1_INIT_IRQHandler
 .text.XECC_FLEXSPI1_FATAL_INIT_IRQHandler
                0x3000aafa        0x8 ./startup/startup_mimxrt1176_cm7.o
                0x3000aafa                XECC_FLEXSPI1_FATAL_INIT_IRQHandler
 .text.XECC_FLEXSPI2_INIT_IRQHandler
                0x3000ab02        0x8 ./startup/startup_mimxrt1176_cm7.o
                0x3000ab02                XECC_FLEXSPI2_INIT_IRQHandler
 .text.XECC_FLEXSPI2_FATAL_INIT_IRQHandler
                0x3000ab0a        0x8 ./startup/startup_mimxrt1176_cm7.o
                0x3000ab0a                XECC_FLEXSPI2_FATAL_INIT_IRQHandler
 .text.XECC_SEMC_INIT_IRQHandler
                0x3000ab12        0x8 ./startup/startup_mimxrt1176_cm7.o
                0x3000ab12                XECC_SEMC_INIT_IRQHandler
 .text.XECC_SEMC_FATAL_INIT_IRQHandler
                0x3000ab1a        0x8 ./startup/startup_mimxrt1176_cm7.o
                0x3000ab1a                XECC_SEMC_FATAL_INIT_IRQHandler
 .text.ENET_QOS_IRQHandler
                0x3000ab22        0x8 ./startup/startup_mimxrt1176_cm7.o
                0x3000ab22                ENET_QOS_IRQHandler
 .text.ENET_QOS_PMT_IRQHandler
                0x3000ab2a        0x8 ./startup/startup_mimxrt1176_cm7.o
                0x3000ab2a                ENET_QOS_PMT_IRQHandler
 .text.CAMERA_RECEIVER_Init
                0x3000ab32       0x28 ./source/csi_mipi_rgb.o
 .text.CAMERA_RECEIVER_Start
                0x3000ab5a       0x1c ./source/csi_mipi_rgb.o
 .text.CAMERA_RECEIVER_SubmitEmptyBuffer
                0x3000ab76       0x20 ./source/csi_mipi_rgb.o
 .text.CAMERA_RECEIVER_GetFullBuffer
                0x3000ab96       0x20 ./source/csi_mipi_rgb.o
 .text.CAMERA_DEVICE_Init
                0x3000abb6       0x20 ./source/csi_mipi_rgb.o
 .text.CAMERA_DEVICE_Start
                0x3000abd6       0x1c ./source/csi_mipi_rgb.o
 .text.PXP_Start
                0x3000abf2       0x1a ./source/csi_mipi_rgb.o
 .text.PXP_GetStatusFlags
                0x3000ac0c       0x1c ./source/csi_mipi_rgb.o
 .text.PXP_ClearStatusFlags
                0x3000ac28       0x1c ./source/csi_mipi_rgb.o
 .text.PXP_SetProcessSurfaceBackGroundColor
                0x3000ac44       0x1e ./source/csi_mipi_rgb.o
 .text.PXP_EnableCsc1
                0x3000ac62       0x40 ./source/csi_mipi_rgb.o
 .text.HardFault_Handler
                0x3000aca2       0x2c ./source/semihost_hardfault.o
                0x3000aca2                HardFault_Handler
 .text.ANATOP_AI_Write
                0x3000acce       0x24 ./drivers/fsl_anatop_ai.o
                0x3000acce                ANATOP_AI_Write
 .text.ANATOP_AI_Read
                0x3000acf2       0x28 ./drivers/fsl_anatop_ai.o
                0x3000acf2                ANATOP_AI_Read
 .text.CLOCK_GetM7Freq
                0x3000ad1a       0x10 ./drivers/fsl_clock.o
 .text.CLOCK_InitArmPllWithFreq
                0x3000ad2a       0x32 ./drivers/fsl_clock.o
                0x3000ad2a                CLOCK_InitArmPllWithFreq
 .text.DelayLoop
                0x3000ad5c       0x20 ./drivers/fsl_common.o
 .text.CLOCK_EnableClock
                0x3000ad7c       0x1c ./drivers/fsl_csi.o
 .text.CLOCK_DisableClock
                0x3000ad98       0x1e ./drivers/fsl_csi.o
 .text.EnableIRQ
                0x3000adb6       0x32 ./drivers/fsl_csi.o
 .text.CSI_Start
                0x3000ade8       0x26 ./drivers/fsl_csi.o
 .text.CSI_Stop
                0x3000ae0e       0x26 ./drivers/fsl_csi.o
 .text.CSI_TransferGetQueueDelta
                0x3000ae34       0x3c ./drivers/fsl_csi.o
 .text.CSI_TransferIncreaseQueueIdx
                0x3000ae70       0x28 ./drivers/fsl_csi.o
 .text.CSI_TransferGetEmptyBufferCount
                0x3000ae98       0x1a ./drivers/fsl_csi.o
 .text.CSI_TransferGetEmptyBuffer
                0x3000aeb2       0x32 ./drivers/fsl_csi.o
 .text.CSI_TransferPutEmptyBuffer
                0x3000aee4       0x36 ./drivers/fsl_csi.o
 .text.CSI_GetRxBufferAddr
                0x3000af1a       0x2e ./drivers/fsl_csi.o
 .text.CSI_Deinit
                0x3000af48       0x26 ./drivers/fsl_csi.o
                0x3000af48                CSI_Deinit
 .text.CSI_SetRxBufferAddr
                0x3000af6e       0x2e ./drivers/fsl_csi.o
                0x3000af6e                CSI_SetRxBufferAddr
 .text.CSI_ClearFifo
                0x3000af9c       0x72 ./drivers/fsl_csi.o
                0x3000af9c                CSI_ClearFifo
 .text.CSI_ReflashFifoDma