fsl_component_serial_manager.c:1007:25:SerialManager_Init	16	static
fsl_component_serial_manager.c:1158:25:SerialManager_Deinit	16	static
fsl_component_serial_manager.c:1225:25:SerialManager_OpenWriteHandle	16	static
fsl_component_serial_manager.c:1262:25:SerialManager_CloseWriteHandle	8	static
fsl_component_serial_manager.c:1293:25:SerialManager_OpenReadHandle	24	static
fsl_component_serial_manager.c:1333:25:SerialManager_CloseReadHandle	8	static
fsl_component_serial_manager.c:1362:25:SerialManager_WriteBlocking	4	static
fsl_component_serial_manager.c:1371:25:SerialManager_ReadBlocking	4	static
fsl_component_serial_manager.c:1587:25:SerialManager_EnterLowpower	0	static
fsl_component_serial_manager.c:1626:25:SerialManager_ExitLowpower	0	static
