fsl_debug_console.c:567:5:DbgConsole_ReadLine.part.0	32	static
fsl_debug_console.c:353:10:DbgConsole_ReadOneCharacter	8	static
fsl_debug_console.c:424:5:DbgConsole_SendData	8	static
fsl_debug_console.c:491:5:DbgConsole_SendDataReliable	8	static
fsl_debug_console.c:660:13:DbgConsole_PrintCallback	32	static
fsl_debug_console.c:567:5:DbgConsole_ReadLine	0	static
fsl_debug_console.c:627:5:DbgConsole_ReadCharacter	8	static
fsl_debug_console.c:700:10:DbgConsole_Init	48	static
fsl_debug_console.c:844:10:DbgConsole_EnterLowpower	8	static
fsl_debug_console.c:855:10:DbgConsole_ExitLowpower	8	static
fsl_debug_console.c:866:10:DbgConsole_Deinit	8	static
fsl_debug_console.c:903:40:DbgConsole_Flush	0	static
fsl_debug_console.c:942:5:DbgConsole_Printf	152	static
fsl_debug_console.c:962:5:DbgConsole_Putchar	16	static
fsl_debug_console.c:969:5:DbgConsole_Scanf	40	static
fsl_debug_console.c:987:5:DbgConsole_BlockingPrintf	144	static
fsl_debug_console.c:1055:5:DbgConsole_Getchar	16	static
