fsl_lcdifv2.c:119:13:LCDIFV2_ResetRegister	16	static
fsl_lcdifv2.c:164:6:LCDIFV2_Init	8	static
fsl_lcdifv2.c:183:6:LCDIFV2_Deinit	8	static
fsl_lcdifv2.c:199:6:LCDIFV2_Reset	8	static
fsl_lcdifv2.c:212:6:LCDIFV2_DisplayGetDefaultConfig	8	static
fsl_lcdifv2.c:235:6:LCDIFV2_SetDisplayConfig	16	static
fsl_lcdifv2.c:263:6:LCDIFV2_SetCscMode	8	static
fsl_lcdifv2.c:312:6:LCDIFV2_SetLayerBufferConfig	16	static
fsl_lcdifv2.c:345:10:LCDIFV2_SetLut	16	static
fsl_lcdifv2.c:387:6:LCDIFV2_SetLayerBlendConfig	24	static
fsl_lcdifv2.c:425:10:LCDIFV2_GetPorterDuffConfig	12	static
