core_cm7.h:1902:22:__NVIC_EnableIRQ	16	static
fsl_clock.h:2302:20:CLOCK_ControlGate	16	static
fsl_clock.h:2320:20:CLOCK_EnableClock	16	static
fsl_clock.h:2330:20:CLOCK_DisableClock	16	static
fsl_common.h:747:28:EnableIRQ	24	static
fsl_csi.h:450:20:CSI_Start	16	static
fsl_csi.h:461:20:CSI_Stop	16	static
fsl_csi.c:160:17:CSI_GetInstance	24	static
fsl_csi.c:179:16:CSI_TransferGetQueueDelta	24	static
fsl_csi.c:195:16:CSI_TransferIncreaseQueueIdx	24	static
fsl_csi.c:216:17:CSI_TransferGetEmptyBufferCount	16	static
fsl_csi.c:221:17:CSI_TransferGetEmptyBuffer	24	static
fsl_csi.c:232:13:CSI_TransferPutEmptyBuffer	24	static
fsl_csi.c:242:17:CSI_GetRxBufferAddr	24	static
fsl_csi.c:271:10:CSI_Init	32	static
fsl_csi.c:372:6:CSI_Deinit	24	static
fsl_csi.c:389:6:CSI_Reset	24	static
fsl_csi.c:446:6:CSI_GetDefaultConfig	16	static
fsl_csi.c:470:6:CSI_SetRxBufferAddr	24	static
fsl_csi.c:490:6:CSI_ClearFifo	24	static
fsl_csi.c:533:6:CSI_ReflashFifoDma	24	static
fsl_csi.c:562:6:CSI_EnableFifoDmaRequest	24	static
fsl_csi.c:592:6:CSI_EnableInterrupts	16	static
fsl_csi.c:605:6:CSI_DisableInterrupts	16	static
fsl_csi.c:626:10:CSI_TransferCreateHandle	32	static
fsl_csi.c:668:10:CSI_TransferStart	24	static
fsl_csi.c:720:10:CSI_TransferStop	24	static
fsl_csi.c:763:10:CSI_TransferSubmitEmptyBuffer	32	static
fsl_csi.c:795:10:CSI_TransferGetFullBuffer	40	static
fsl_csi.c:838:6:CSI_TransferHandleIRQ	40	static
fsl_csi.c:1390:6:CSI_DriverIRQHandler	8	static
