fsl_soc_src.c:90:6:SRC_ReleaseCoreReset	8	static
fsl_soc_src.c:113:6:SRC_SetGlobalSystemResetMode	4	static
fsl_soc_src.c:132:6:SRC_AssertSliceSoftwareReset	0	static
fsl_soc_src.c:155:6:SRC_SetSliceSetPointAuthentication	12	static
fsl_soc_src.c:207:6:SRC_SetSliceDomainModeAuthentication	8	static
fsl_soc_src.c:250:6:SRC_LockSliceMode	0	static
fsl_soc_src.c:268:6:SRC_SetSliceSetPointConfig	0	static
fsl_soc_src.c:288:6:SRC_SetSliceDomainModeConfig	0	static
fsl_soc_src.c:308:25:SRC_GetSliceResetState	0	static
