fsl_lpi2c.c:271:17:LPI2C_MasterWaitForTxReady	0	static
fsl_lpi2c.c:2153:13:LPI2C_CommonIRQHandler	16	static
fsl_lpi2c.c:179:17:LPI2C_GetCyclesForWidth	16	static
fsl_lpi2c.c:1998:6:LPI2C_SlaveTransferHandleIRQ	24	static
fsl_lpi2c.c:1404:6:LPI2C_MasterTransferHandleIRQ	24	static
fsl_lpi2c.c:157:10:LPI2C_GetInstance	8	static
fsl_lpi2c.c:217:10:LPI2C_MasterCheckAndClearError	0	static
fsl_lpi2c.c:318:10:LPI2C_CheckForBusyBus	0	static
fsl_lpi2c.c:355:6:LPI2C_MasterGetDefaultConfig	8	static
fsl_lpi2c.c:476:6:LPI2C_MasterDeinit	8	static
fsl_lpi2c.c:501:6:LPI2C_MasterConfigureDataMatch	12	static
fsl_lpi2c.c:532:6:LPI2C_MasterSetBaudRate	32	static
fsl_lpi2c.c:388:6:LPI2C_MasterInit	24	static
fsl_lpi2c.c:633:10:LPI2C_MasterStart	16	static
fsl_lpi2c.c:670:10:LPI2C_MasterStop	8	static
fsl_lpi2c.c:729:10:LPI2C_MasterReceive	16	static
fsl_lpi2c.c:809:10:LPI2C_MasterSend	16	static
fsl_lpi2c.c:848:10:LPI2C_MasterTransferBlocking	40	static
fsl_lpi2c.c:959:6:LPI2C_MasterTransferCreateHandle	32	static
fsl_lpi2c.c:1256:10:LPI2C_MasterTransferNonBlocking	24	static
fsl_lpi2c.c:1311:10:LPI2C_MasterTransferGetCount	24	static
fsl_lpi2c.c:1379:6:LPI2C_MasterTransferAbort	8	static
fsl_lpi2c.c:1483:6:LPI2C_SlaveGetDefaultConfig	8	static
fsl_lpi2c.c:1519:6:LPI2C_SlaveInit	32	static
fsl_lpi2c.c:1575:6:LPI2C_SlaveDeinit	8	static
fsl_lpi2c.c:1642:10:LPI2C_SlaveSend	24	static
fsl_lpi2c.c:1728:10:LPI2C_SlaveReceive	24	static
fsl_lpi2c.c:1821:6:LPI2C_SlaveTransferCreateHandle	32	static
fsl_lpi2c.c:1878:10:LPI2C_SlaveTransferNonBlocking	24	static
fsl_lpi2c.c:1935:10:LPI2C_SlaveTransferGetCount	8	static
fsl_lpi2c.c:1970:6:LPI2C_SlaveTransferAbort	16	static
fsl_lpi2c.c:2182:6:LPI2C1_DriverIRQHandler	0	static
fsl_lpi2c.c:2190:6:LPI2C2_DriverIRQHandler	0	static
fsl_lpi2c.c:2198:6:LPI2C3_DriverIRQHandler	0	static
fsl_lpi2c.c:2206:6:LPI2C4_DriverIRQHandler	0	static
fsl_lpi2c.c:2214:6:LPI2C5_DriverIRQHandler	0	static
fsl_lpi2c.c:2222:6:LPI2C6_DriverIRQHandler	0	static
