fsl_mipi_dsi.c:1015:17:DSI_HandleResult	0	static
fsl_mipi_dsi.c:203:10:DSI_GetInstance	8	static
fsl_mipi_dsi.c:365:6:DSI_Init	16	static
fsl_mipi_dsi.c:426:6:DSI_Deinit	8	static
fsl_mipi_dsi.c:450:6:DSI_GetDefaultConfig	8	static
fsl_mipi_dsi.c:480:6:DSI_SetDpiConfig	24	static
fsl_mipi_dsi.c:570:10:DSI_InitDphy	56	static
fsl_mipi_dsi.c:645:6:DSI_DeinitDphy	0	static
fsl_mipi_dsi.c:667:6:DSI_GetDphyDefaultConfig	24	static
fsl_mipi_dsi.c:741:6:DSI_SetApbPacketControl	4	static
fsl_mipi_dsi.c:774:6:DSI_WriteApbTxPayloadExt	16	static
fsl_mipi_dsi.c:769:6:DSI_WriteApbTxPayload	16	static
fsl_mipi_dsi.c:838:17:DSI_PrepareApbTransfer	24	static
fsl_mipi_dsi.c:917:6:DSI_ReadApbRxPayload	16	static
fsl_mipi_dsi.c:961:10:DSI_TransferBlocking	24	static
fsl_mipi_dsi.c:1088:10:DSI_TransferCreateHandle	16	static
fsl_mipi_dsi.c:1129:10:DSI_TransferNonBlocking	24	static
fsl_mipi_dsi.c:1174:6:DSI_TransferAbort	16	static
fsl_mipi_dsi.c:1209:6:DSI_TransferHandleIRQ	16	static
fsl_mipi_dsi.c:1262:6:MIPI_DriverIRQHandler	0	static
