fsl_pmu.c:151:6:PMU_SetPllLdoControlMode	16	static
fsl_pmu.c:168:6:PMU_SwitchPllLdoToGPCMode	16	static
fsl_pmu.c:185:6:PMU_StaticEnablePllLdo	24	static
fsl_pmu.c:206:6:PMU_StaticDisablePllLdo	8	static
fsl_pmu.c:217:6:PMU_SetLpsrAnaLdoControlMode	16	static
fsl_pmu.c:235:6:PMU_StaticSetLpsrAnaLdoBypassMode	24	static
fsl_pmu.c:296:6:PMU_StaticGetLpsrAnaLdoDefaultConfig	16	static
fsl_pmu.c:320:6:PMU_StaticLpsrAnaLdoInit	24	static
fsl_pmu.c:361:6:PMU_StaticLpsrAnaLdoDeinit	16	static
fsl_pmu.c:373:6:PMU_SetLpsrDigLdoControlMode	16	static
fsl_pmu.c:393:6:PMU_StaticEnableLpsrDigLdoBypassMode	16	static
fsl_pmu.c:434:6:PMU_StaticGetLpsrDigLdoDefaultConfig	16	static
fsl_pmu.c:454:6:PMU_StaticLpsrDigLdoInit	24	static
fsl_pmu.c:490:6:PMU_StaticLpsrDigLdoDeinit	16	static
fsl_pmu.c:504:6:PMU_GPCSetLpsrDigLdoTargetVoltage	48	static
fsl_pmu.c:546:6:PMU_GetSnvsDigLdoDefaultConfig	16	static
fsl_pmu.c:566:6:PMU_SnvsDigLdoInit	24	static
fsl_pmu.c:601:6:PMU_GPCEnableLdo	40	static
fsl_pmu.c:626:6:PMU_GPCSetLdoOperateMode	40	static
fsl_pmu.c:652:6:PMU_GPCEnableLdoTrackingMode	40	static
fsl_pmu.c:678:6:PMU_GPCEnableLdoBypassMode	40	static
fsl_pmu.c:704:6:PMU_GPCEnableLdoStandbyMode	40	static
fsl_pmu.c:727:6:PMU_SetBandgapControlMode	16	static
fsl_pmu.c:744:6:PMU_SwitchBandgapToGPCMode	16	static
fsl_pmu.c:763:6:PMU_DisableBandgapSelfBiasAfterPowerUp	16	static
fsl_pmu.c:786:6:PMU_EnableBandgapSelfBiasBeforePowerDown	16	static
fsl_pmu.c:800:6:PMU_StaticBandgapInit	24	static
fsl_pmu.c:824:6:PMU_SetBodyBiasControlMode	24	static
fsl_pmu.c:866:6:PMU_StaticGetCm7FBBDefaultConfig	16	static
fsl_pmu.c:884:6:PMU_StaticCm7FBBInit	24	static
fsl_pmu.c:914:6:PMU_StaticLpsrRBBDefaultConfig	16	static
fsl_pmu.c:930:6:PMU_StaticLpsrRBBInit	24	static
fsl_pmu.c:959:6:PMU_StaticSocRBBDefaultConfig	16	static
fsl_pmu.c:975:6:PMU_StaticSocRBBInit	24	static
fsl_pmu.c:1007:6:PMU_GPCEnableBodyBias	32	static
fsl_pmu.c:1030:6:PMU_GPCEnableBodyBiasStandbyMode	32	static
fsl_pmu.c:1049:6:PMU_GPCGetBodyBiasDefaultConfig	16	static
fsl_pmu.c:1065:6:PMU_GPCSetBodyBiasConfig	32	static
