fsl_csi.c:838:6:CSI_TransferHandleIRQ	24	static
fsl_csi.c:372:6:CSI_Deinit	8	static
fsl_csi.c:389:6:CSI_Reset	4	static
fsl_csi.c:271:10:CSI_Init	16	static
fsl_csi.c:446:6:CSI_GetDefaultConfig	16	static
fsl_csi.c:470:6:CSI_SetRxBufferAddr	0	static
fsl_csi.c:490:6:CSI_ClearFifo	4	static
fsl_csi.c:533:6:CSI_ReflashFifoDma	0	static
fsl_csi.c:562:6:CSI_EnableFifoDmaRequest	0	static
fsl_csi.c:592:6:CSI_EnableInterrupts	4	static
fsl_csi.c:605:6:CSI_DisableInterrupts	8	static
fsl_csi.c:626:10:CSI_TransferCreateHandle	24	static
fsl_csi.c:668:10:CSI_TransferStart	8	static
fsl_csi.c:720:10:CSI_TransferStop	16	static
fsl_csi.c:763:10:CSI_TransferSubmitEmptyBuffer	8	static
fsl_csi.c:795:10:CSI_TransferGetFullBuffer	8	static
fsl_csi.c:1390:6:CSI_DriverIRQHandler	8	static
