core_cm7.h:1902:22:__NVIC_EnableIRQ	16	static
fsl_clock.h:2302:20:CLOCK_ControlGate	16	static
fsl_clock.h:2320:20:CLOCK_EnableClock	16	static
fsl_common.h:747:28:EnableIRQ	24	static
fsl_flexspi.h:397:20:FLEXSPI_SoftwareReset	16	static
fsl_flexspi.h:435:20:FLEXSPI_EnableInterrupts	16	static
fsl_flexspi.h:446:20:FLEXSPI_DisableInterrupts	16	static
fsl_flexspi.h:581:20:FLEXSPI_ClearInterruptStatusFlags	16	static
fsl_flexspi.h:650:20:FLEXSPI_GetBusIdleStatus	16	static
fsl_flexspi.c:123:10:FLEXSPI_GetInstance	24	static
fsl_flexspi.c:141:17:FLEXSPI_CalculateDll	40	static
fsl_flexspi.c:223:10:FLEXSPI_CheckAndClearError	24	static
fsl_flexspi.c:269:6:FLEXSPI_Init	24	static
fsl_flexspi.c:362:6:FLEXSPI_GetDefaultConfig	24	static
fsl_flexspi.c:416:6:FLEXSPI_Deinit	16	static
fsl_flexspi.c:429:6:FLEXSPI_UpdateDllValue	40	static
fsl_flexspi.c:480:6:FLEXSPI_SetFlashConfig	32	static
fsl_flexspi.c:562:6:FLEXSPI_UpdateLUT	32	static
fsl_flexspi.c:594:6:FLEXSPI_UpdateRxSampleClock	24	static
fsl_flexspi.c:623:10:FLEXSPI_WriteBlocking	40	static
fsl_flexspi.c:682:10:FLEXSPI_ReadBlocking	48	static
fsl_flexspi.c:769:10:FLEXSPI_TransferBlocking	24	static
fsl_flexspi.c:836:6:FLEXSPI_TransferCreateHandle	32	static
fsl_flexspi.c:877:10:FLEXSPI_TransferNonBlocking	32	static
fsl_flexspi.c:954:10:FLEXSPI_TransferGetCount	32	static
fsl_flexspi.c:981:6:FLEXSPI_TransferAbort	16	static
fsl_flexspi.c:995:6:FLEXSPI_TransferHandleIRQ	48	static
fsl_flexspi.c:1121:6:FLEXSPI1_DriverIRQHandler	8	static
