fsl_dcdc.c:67:17:DCDC_ConvertByteArrayToWord.part.0	0	static
fsl_dcdc.c:88:6:DCDC_Init	8	static
fsl_dcdc.c:116:6:DCDC_Deinit	8	static
fsl_dcdc.c:139:6:DCDC_GetDefaultConfig	8	static
fsl_dcdc.c:171:6:DCDC_GetDefaultDetectionConfig	8	static
fsl_dcdc.c:195:6:DCDC_SetDetectionConfig	16	static
fsl_dcdc.c:245:6:DCDC_SetClockSource	8	static
fsl_dcdc.c:286:6:DCDC_GetDefaultLowPowerConfig	8	static
fsl_dcdc.c:303:6:DCDC_SetLowPowerConfig	16	static
fsl_dcdc.c:338:6:DCDC_GetDefaultLoopControlConfig	8	static
fsl_dcdc.c:361:6:DCDC_SetLoopControlConfig	16	static
fsl_dcdc.c:414:6:DCDC_SetMinPowerConfig	8	static
fsl_dcdc.c:434:6:DCDC_SetInternalRegulatorConfig	8	static
fsl_dcdc.c:462:6:DCDC_SetPointInit	16	static
fsl_dcdc.c:512:6:DCDC_BootIntoDCM	0	static
fsl_dcdc.c:528:6:DCDC_BootIntoCCM	0	static
