fsl_clock.h:2302:20:CLOCK_ControlGate	16	static
fsl_clock.h:2320:20:CLOCK_EnableClock	16	static
fsl_clock.h:2330:20:CLOCK_DisableClock	16	static
fsl_mipi_dsi.h:494:20:DSI_EnableInterrupts	24	static
fsl_mipi_dsi.h:509:20:DSI_DisableInterrupts	24	static
fsl_mipi_dsi.h:522:20:DSI_GetAndClearInterruptStatus	24	static
fsl_mipi_dsi.h:608:20:DSI_SendApbPacket	16	static
fsl_mipi_dsi.h:681:24:DSI_GetRxPacketHeader	16	static
fsl_mipi_dsi.h:694:34:DSI_GetRxPacketType	16	static
fsl_mipi_dsi.c:203:10:DSI_GetInstance	24	static
fsl_mipi_dsi.c:222:16:DSI_EncodeDphyPllCn	16	static
fsl_mipi_dsi.c:236:16:DSI_EncodeDphyPllCm	16	static
fsl_mipi_dsi.c:258:17:DSI_DphyGetPllDivider	64	static
fsl_mipi_dsi.c:343:13:DSI_ApbClearRxFifo	24	static
fsl_mipi_dsi.c:365:6:DSI_Init	16	static
fsl_mipi_dsi.c:426:6:DSI_Deinit	16	static
fsl_mipi_dsi.c:450:6:DSI_GetDefaultConfig	16	static
fsl_mipi_dsi.c:480:6:DSI_SetDpiConfig	32	static
fsl_mipi_dsi.c:570:10:DSI_InitDphy	48	static
fsl_mipi_dsi.c:645:6:DSI_DeinitDphy	16	static
fsl_mipi_dsi.c:667:6:DSI_GetDphyDefaultConfig	32	static
fsl_mipi_dsi.c:741:6:DSI_SetApbPacketControl	24	static
fsl_mipi_dsi.c:769:6:DSI_WriteApbTxPayload	32	static
fsl_mipi_dsi.c:774:6:DSI_WriteApbTxPayloadExt	32	static
fsl_mipi_dsi.c:838:17:DSI_PrepareApbTransfer	40	static
fsl_mipi_dsi.c:917:6:DSI_ReadApbRxPayload	32	static
fsl_mipi_dsi.c:961:10:DSI_TransferBlocking	40	static
fsl_mipi_dsi.c:1015:17:DSI_HandleResult	32	static
fsl_mipi_dsi.c:1088:10:DSI_TransferCreateHandle	32	static
fsl_mipi_dsi.c:1129:10:DSI_TransferNonBlocking	40	static
fsl_mipi_dsi.c:1174:6:DSI_TransferAbort	16	static
fsl_mipi_dsi.c:1209:6:DSI_TransferHandleIRQ	40	static
fsl_mipi_dsi.c:1262:6:MIPI_DriverIRQHandler	8	static
