fsl_clock.c:64:6:CLOCK_InitArmPll	16	static
fsl_clock.c:120:6:CLOCK_DeinitArmPll	0	static
fsl_clock.c:132:6:CLOCK_InitSysPll2	16	static
fsl_clock.c:204:6:CLOCK_DeinitSysPll2	0	static
fsl_clock.c:217:6:CLOCK_InitPfd	32	static
fsl_clock.c:253:10:CLOCK_GetPfdFreq	8	static
fsl_clock.c:303:6:CLOCK_InitSysPll3	16	static
fsl_clock.c:364:6:CLOCK_DeinitSysPll3	0	static
fsl_clock.c:368:6:ANATOP_PllSetPower	0	static
fsl_clock.c:373:6:ANATOP_PllBypass	0	static
fsl_clock.c:378:6:ANATOP_PllEnablePllReg	0	static
fsl_clock.c:383:6:ANATOP_PllHoldRingOff	0	static
fsl_clock.c:388:6:ANATOP_PllToggleHoldRingOff	16	static
fsl_clock.c:395:6:ANATOP_PllEnableClk	0	static
fsl_clock.c:400:6:ANATOP_PllConfigure	32	static
fsl_clock.c:418:6:ANATOP_AudioPllGate	0	static
fsl_clock.c:430:6:ANATOP_AudioPllSwEnClk	0	static
fsl_clock.c:454:6:CLOCK_InitAudioPll	24	static
fsl_clock.c:505:6:CLOCK_DeinitAudioPll	8	static
fsl_clock.c:514:6:ANATOP_VideoPllGate	0	static
fsl_clock.c:526:6:ANATOP_VideoPllSwEnClk	0	static
fsl_clock.c:538:10:CLOCK_CalcArmPllFreq	8	static
fsl_clock.c:586:10:CLOCK_InitArmPllWithFreq	16	static
fsl_clock.c:597:10:CLOCK_CalcAvPllFreq	8	static
fsl_clock.c:442:10:CLOCK_InitAudioPllWithFreq	24	static
fsl_clock.c:678:6:CLOCK_InitVideoPll	24	static
fsl_clock.c:667:10:CLOCK_InitVideoPllWithFreq	24	static
fsl_clock.c:729:6:CLOCK_DeinitVideoPll	8	static
fsl_clock.c:738:6:ANATOP_SysPll1Gate	0	static
fsl_clock.c:750:6:ANATOP_SysPll1Div2En	0	static
fsl_clock.c:762:6:ANATOP_SysPll1Div5En	0	static
fsl_clock.c:774:6:ANATOP_SysPll1SwEnClk	0	static
fsl_clock.c:786:6:ANATOP_SysPll1WaitStable	0	static
fsl_clock.c:797:6:CLOCK_InitSysPll1	24	static
fsl_clock.c:846:6:CLOCK_DeinitSysPll1	8	static
fsl_clock.c:857:6:CLOCK_EnableOsc24M	0	static
fsl_clock.c:870:10:CLOCK_GetAvPllFreq	24	static
fsl_clock.c:891:10:CLOCK_GetPllFreq	8	static
fsl_clock.c:959:10:CLOCK_GetFreq	8	static
fsl_clock.h:2372:24:CLOCK_GetRootClockFreq.constprop	640	static
fsl_clock.c:1074:6:CLOCK_SetGroupConfig	16	static
fsl_clock.c:1094:6:CLOCK_TrimOscRc400M	16	static
fsl_clock.c:1111:6:CLOCK_EnableOscRc400M	0	static
fsl_clock.c:1117:10:CLOCK_GetFreqFromObs	12	static
fsl_clock.c:1146:6:CLOCK_EnableUsbhs0Clock	0	static
fsl_clock.c:1159:6:CLOCK_EnableUsbhs0PhyPllClock	16	static
fsl_clock.c:1249:6:CLOCK_DisableUsbhs0PhyPllClock	0	static
fsl_clock.c:1254:6:CLOCK_EnableUsbhs1Clock	0	static
fsl_clock.c:1258:6:CLOCK_EnableUsbhs1PhyPllClock	16	static
fsl_clock.c:1337:6:CLOCK_DisableUsbhs1PhyPllClock	0	static
