fsl_pxp.c:265:6:PXP_Init	8	static
fsl_pxp.c:282:6:PXP_Deinit	8	static
fsl_pxp.c:297:6:PXP_Reset	0	static
fsl_pxp.c:309:6:PXP_SetAlphaSurfaceBufferConfig	8	static
fsl_pxp.c:325:6:PXP_SetAlphaSurfaceBlendConfig	16	static
fsl_pxp.c:353:6:PXP_SetAlphaSurfacePosition	8	static
fsl_pxp.c:374:6:PXP_SetAlphaSurfaceOverlayColorKey	0	static
fsl_pxp.c:386:6:PXP_SetProcessSurfaceBufferConfig	16	static
fsl_pxp.c:410:6:PXP_SetProcessSurfaceScaler	8	static
fsl_pxp.c:434:6:PXP_SetProcessSurfacePosition	8	static
fsl_pxp.c:451:6:PXP_SetProcessSurfaceColorKey	0	static
fsl_pxp.c:463:6:PXP_SetOutputBufferConfig	24	static
fsl_pxp.c:888:13:PXP_StartRectCopy	56	static
fsl_pxp.c:506:6:PXP_SetNextCommand	0	static
fsl_pxp.c:569:6:PXP_SetCsc1Mode	4	static
fsl_pxp.c:774:6:PXP_SetPorterDuffConfig	8	static
fsl_pxp.c:797:10:PXP_GetPorterDuffConfig	4	static
fsl_pxp.c:955:10:PXP_StartPictureCopy	40	static
fsl_pxp.c:995:10:PXP_StartMemCopy	32	static
