fsl_lpuart.c:189:13:LPUART_ReadNonBlocking	8	static
fsl_lpuart.c:158:13:LPUART_TransferIsRxRingBufferFull.isra.0	8	static
fsl_lpuart.c:1491:6:LPUART_TransferHandleIRQ	40	static
fsl_lpuart.c:113:10:LPUART_GetInstance	8	static
fsl_lpuart.c:137:8:LPUART_TransferGetRxRingBufferLength	8	static
fsl_lpuart.c:243:10:LPUART_Init	48	static
fsl_lpuart.c:455:6:LPUART_Deinit	16	static
fsl_lpuart.c:519:6:LPUART_GetDefaultConfig	8	static
fsl_lpuart.c:564:10:LPUART_SetBaudRate	32	static
fsl_lpuart.c:652:6:LPUART_Enable9bitMode	8	static
fsl_lpuart.c:686:6:LPUART_SendAddress	8	static
fsl_lpuart.c:708:6:LPUART_EnableInterrupts	8	static
fsl_lpuart.c:732:6:LPUART_DisableInterrupts	8	static
fsl_lpuart.c:763:10:LPUART_GetEnabledInterrupts	0	static
fsl_lpuart.c:792:10:LPUART_GetStatusFlags	0	static
fsl_lpuart.c:823:10:LPUART_ClearStatusFlags	12	static
fsl_lpuart.c:876:10:LPUART_WriteBlocking	8	static
fsl_lpuart.c:941:10:LPUART_ReadBlocking	16	static
fsl_lpuart.c:1060:6:LPUART_TransferCreateHandle	24	static
fsl_lpuart.c:1125:6:LPUART_TransferStartRingBuffer	8	static
fsl_lpuart.c:1152:6:LPUART_TransferStopRingBuffer	8	static
fsl_lpuart.c:1187:10:LPUART_TransferSendNonBlocking	8	static
fsl_lpuart.c:1226:6:LPUART_TransferAbortSend	8	static
fsl_lpuart.c:1249:10:LPUART_TransferGetSendCount	16	static
fsl_lpuart.c:1307:10:LPUART_TransferReceiveNonBlocking	24	static
fsl_lpuart.c:1434:6:LPUART_TransferAbortReceive	8	static
fsl_lpuart.c:1463:10:LPUART_TransferGetReceiveCount	8	static
fsl_lpuart.c:1726:6:LPUART_TransferHandleErrorIRQ	0	static
fsl_lpuart.c:1852:6:LPUART1_DriverIRQHandler	8	static
fsl_lpuart.c:1874:6:LPUART2_DriverIRQHandler	8	static
fsl_lpuart.c:1895:6:LPUART3_DriverIRQHandler	8	static
fsl_lpuart.c:1916:6:LPUART4_DriverIRQHandler	8	static
fsl_lpuart.c:1937:6:LPUART5_DriverIRQHandler	8	static
fsl_lpuart.c:1958:6:LPUART6_DriverIRQHandler	8	static
fsl_lpuart.c:1979:6:LPUART7_DriverIRQHandler	8	static
fsl_lpuart.c:2000:6:LPUART8_DriverIRQHandler	8	static
fsl_lpuart.c:2021:6:LPUART9_DriverIRQHandler	8	static
fsl_lpuart.c:2042:6:LPUART10_DriverIRQHandler	8	static
fsl_lpuart.c:2063:6:LPUART11_DriverIRQHandler	8	static
