fsl_clock.h:2173:24:CLOCK_GetRootClockMux	16	static
fsl_clock.h:2216:24:CLOCK_GetRootClockDiv	16	static
fsl_clock.h:2302:20:CLOCK_ControlGate	16	static
fsl_clock.h:2320:20:CLOCK_EnableClock	16	static
fsl_clock.h:2372:24:CLOCK_GetRootClockFreq	664	static
fsl_clock.h:2387:24:CLOCK_GetM7Freq	8	static
fsl_clock.c:64:6:CLOCK_InitArmPll	24	static
fsl_clock.c:120:6:CLOCK_DeinitArmPll	16	static
fsl_clock.c:132:6:CLOCK_InitSysPll2	24	static
fsl_clock.c:204:6:CLOCK_DeinitSysPll2	4	static
fsl_clock.c:217:6:CLOCK_InitPfd	32	static
fsl_clock.c:253:10:CLOCK_GetPfdFreq	24	static
fsl_clock.c:303:6:CLOCK_InitSysPll3	24	static
fsl_clock.c:364:6:CLOCK_DeinitSysPll3	4	static
fsl_clock.c:368:6:ANATOP_PllSetPower	16	static
fsl_clock.c:373:6:ANATOP_PllBypass	16	static
fsl_clock.c:378:6:ANATOP_PllEnablePllReg	16	static
fsl_clock.c:383:6:ANATOP_PllHoldRingOff	16	static
fsl_clock.c:388:6:ANATOP_PllToggleHoldRingOff	16	static
fsl_clock.c:395:6:ANATOP_PllEnableClk	16	static
fsl_clock.c:400:6:ANATOP_PllConfigure	24	static
fsl_clock.c:418:6:ANATOP_AudioPllGate	16	static
fsl_clock.c:430:6:ANATOP_AudioPllSwEnClk	16	static
fsl_clock.c:442:10:CLOCK_InitAudioPllWithFreq	32	static
fsl_clock.c:454:6:CLOCK_InitAudioPll	32	static
fsl_clock.c:505:6:CLOCK_DeinitAudioPll	8	static
fsl_clock.c:514:6:ANATOP_VideoPllGate	16	static
fsl_clock.c:526:6:ANATOP_VideoPllSwEnClk	16	static
fsl_clock.c:538:10:CLOCK_CalcArmPllFreq	24	static
fsl_clock.c:586:10:CLOCK_InitArmPllWithFreq	24	static
fsl_clock.c:597:10:CLOCK_CalcAvPllFreq	24	static
fsl_clock.c:667:10:CLOCK_InitVideoPllWithFreq	32	static
fsl_clock.c:678:6:CLOCK_InitVideoPll	32	static
fsl_clock.c:729:6:CLOCK_DeinitVideoPll	8	static
fsl_clock.c:738:6:ANATOP_SysPll1Gate	16	static
fsl_clock.c:750:6:ANATOP_SysPll1Div2En	16	static
fsl_clock.c:762:6:ANATOP_SysPll1Div5En	16	static
fsl_clock.c:774:6:ANATOP_SysPll1SwEnClk	16	static
fsl_clock.c:786:6:ANATOP_SysPll1WaitStable	16	static
fsl_clock.c:797:6:CLOCK_InitSysPll1	40	static
fsl_clock.c:846:6:CLOCK_DeinitSysPll1	8	static
fsl_clock.c:857:6:CLOCK_EnableOsc24M	4	static
fsl_clock.c:870:10:CLOCK_GetAvPllFreq	48	static
fsl_clock.c:891:10:CLOCK_GetPllFreq	40	static
fsl_clock.c:959:10:CLOCK_GetFreq	24	static
fsl_clock.c:1074:6:CLOCK_SetGroupConfig	16	static
fsl_clock.c:1094:6:CLOCK_TrimOscRc400M	24	static
fsl_clock.c:1111:6:CLOCK_EnableOscRc400M	4	static
fsl_clock.c:1117:10:CLOCK_GetFreqFromObs	16	static
fsl_clock.c:1146:6:CLOCK_EnableUsbhs0Clock	16	static
fsl_clock.c:1159:6:CLOCK_EnableUsbhs0PhyPllClock	24	static
fsl_clock.c:1249:6:CLOCK_DisableUsbhs0PhyPllClock	4	static
fsl_clock.c:1254:6:CLOCK_EnableUsbhs1Clock	16	static
fsl_clock.c:1258:6:CLOCK_EnableUsbhs1PhyPllClock	24	static
fsl_clock.c:1337:6:CLOCK_DisableUsbhs1PhyPllClock	4	static
