fsl_flexspi.c:123:10:FLEXSPI_GetInstance	8	static
fsl_flexspi.c:223:10:FLEXSPI_CheckAndClearError	8	static
fsl_flexspi.c:995:6:FLEXSPI_TransferHandleIRQ	24	static
fsl_flexspi.c:269:6:FLEXSPI_Init	24	static
fsl_flexspi.c:362:6:FLEXSPI_GetDefaultConfig	16	static
fsl_flexspi.c:416:6:FLEXSPI_Deinit	0	static
fsl_flexspi.c:429:6:FLEXSPI_UpdateDllValue	8	static
fsl_flexspi.c:480:6:FLEXSPI_SetFlashConfig	24	static
fsl_flexspi.c:562:6:FLEXSPI_UpdateLUT	16	static
fsl_flexspi.c:594:6:FLEXSPI_UpdateRxSampleClock	0	static
fsl_flexspi.c:623:10:FLEXSPI_WriteBlocking	32	static
fsl_flexspi.c:682:10:FLEXSPI_ReadBlocking	40	static
fsl_flexspi.c:769:10:FLEXSPI_TransferBlocking	24	static
fsl_flexspi.c:836:6:FLEXSPI_TransferCreateHandle	24	static
fsl_flexspi.c:877:10:FLEXSPI_TransferNonBlocking	24	static
fsl_flexspi.c:954:10:FLEXSPI_TransferGetCount	8	static
fsl_flexspi.c:981:6:FLEXSPI_TransferAbort	8	static
fsl_flexspi.c:1121:6:FLEXSPI1_DriverIRQHandler	8	static
