core_cm7.h:1902:22:__NVIC_EnableIRQ	16	static
core_cm7.h:1940:22:__NVIC_DisableIRQ	16	static
core_cm7.h:1993:22:__NVIC_ClearPendingIRQ	16	static
core_cm7.h:2032:22:__NVIC_SetPriority	16	static
fsl_common.h:747:28:EnableIRQ	24	static
fsl_common.h:791:28:DisableIRQ	24	static
fsl_camera_receiver.h:77:24:CAMERA_RECEIVER_Init	32	static
fsl_camera_receiver.h:126:24:CAMERA_RECEIVER_Start	16	static
fsl_camera_receiver.h:149:24:CAMERA_RECEIVER_SubmitEmptyBuffer	16	static
fsl_camera_receiver.h:161:24:CAMERA_RECEIVER_GetFullBuffer	16	static
fsl_camera_device.h:93:24:CAMERA_DEVICE_Init	16	static
fsl_camera_device.h:148:24:CAMERA_DEVICE_Start	16	static
fsl_pxp.h:586:20:PXP_Start	16	static
fsl_pxp.h:685:24:PXP_GetStatusFlags	16	static
fsl_pxp.h:705:20:PXP_ClearStatusFlags	16	static
fsl_pxp.h:856:20:PXP_SetProcessSurfaceBackGroundColor	16	static
fsl_pxp.h:1007:20:PXP_SetRotateConfig	16	static
fsl_pxp.h:1185:20:PXP_EnableCsc1	16	static
csi_mipi_rgb.c:134:13:BOARD_ResetDisplayMix	8	static
csi_mipi_rgb.c:152:6:main	16	static
csi_mipi_rgb.c:195:13:DEMO_InitPxp	16	static
csi_mipi_rgb.c:216:13:DEMO_InitCamera	40	static
csi_mipi_rgb.c:298:13:DEMO_CSI_MIPI_RGB	64	static
csi_mipi_rgb.c:401:13:DEMO_BufferSwitchOffCallback	16	static
csi_mipi_rgb.c:418:17:sdcardWaitCardInsert	8	static
csi_mipi_rgb.c:449:13:SaveCapturedImage	624	static
csi_mipi_rgb.c:605:13:SdCard_setupFiles	608	static
