core_cm7.h:1902:22:__NVIC_EnableIRQ	16	static
core_cm7.h:1940:22:__NVIC_DisableIRQ	16	static
core_cm7.h:1993:22:__NVIC_ClearPendingIRQ	16	static
core_cm7.h:2032:22:__NVIC_SetPriority	16	static
fsl_common.h:747:28:EnableIRQ	24	static
fsl_common.h:791:28:DisableIRQ	24	static
fsl_camera_receiver.h:77:24:CAMERA_RECEIVER_Init	32	static
fsl_camera_receiver.h:126:24:CAMERA_RECEIVER_Start	16	static
fsl_camera_receiver.h:149:24:CAMERA_RECEIVER_SubmitEmptyBuffer	16	static
fsl_camera_receiver.h:161:24:CAMERA_RECEIVER_GetFullBuffer	16	static
fsl_camera_device.h:93:24:CAMERA_DEVICE_Init	16	static
fsl_camera_device.h:148:24:CAMERA_DEVICE_Start	16	static
fsl_pxp.h:586:20:PXP_Start	16	static
fsl_pxp.h:685:24:PXP_GetStatusFlags	16	static
fsl_pxp.h:705:20:PXP_ClearStatusFlags	16	static
fsl_pxp.h:856:20:PXP_SetProcessSurfaceBackGroundColor	16	static
fsl_pxp.h:1007:20:PXP_SetRotateConfig	16	static
fsl_pxp.h:1185:20:PXP_EnableCsc1	16	static
fsl_gpio.h:160:20:GPIO_PortToggle	16	static
main.c:154:13:BOARD_ResetDisplayMix	8	static
main.c:172:6:main	16	static
main.c:224:13:DEMO_InitPxp	16	static
main.c:245:13:DEMO_InitCamera	40	static
main.c:284:13:DEMO_InitDisplay	24	static
main.c:328:13:DEMO_CSI_MIPI_RGB	72	static
main.c:439:13:DEMO_BufferSwitchOffCallback	16	static
main.c:449:17:sdcardWaitCardInsert	8	static
main.c:480:13:SaveCapturedImage	624	static
main.c:636:13:mSDCARDSaveImage	616	static
main.c:791:13:SdCard_setupFiles	608	static
main.c:935:5:QSPIflashSaveImage	24	static
