fsl_os_abstraction_bm.c:220:6:OSA_EnableIRQGlobal.part.0	0	static
fsl_os_abstraction_bm.c:144:18:main_task	0	static
fsl_os_abstraction_bm.c:181:7:OSA_MemoryAllocate	16	static
fsl_os_abstraction_bm.c:199:6:OSA_MemoryFree	0	static
fsl_os_abstraction_bm.c:204:6:OSA_EnterCritical	0	static
fsl_os_abstraction_bm.c:209:6:OSA_ExitCritical	0	static
fsl_os_abstraction_bm.c:220:6:OSA_EnableIRQGlobal	0	static
fsl_os_abstraction_bm.c:459:18:OSA_TimeInit	0	static
fsl_os_abstraction_bm.c:476:22:OSA_TimeDiff	0	static
fsl_os_abstraction_bm.c:494:6:OSA_TimeDelay	0	static
fsl_os_abstraction_bm.c:513:22:OSA_TimeGetMsec	0	static
fsl_os_abstraction_bm.c:529:14:OSA_SemaphoreCreate	8	static
fsl_os_abstraction_bm.c:548:14:OSA_SemaphoreDestroy	8	static
fsl_os_abstraction_bm.c:571:14:OSA_SemaphoreWait	8	static
fsl_os_abstraction_bm.c:636:14:OSA_SemaphorePost	8	static
fsl_os_abstraction_bm.c:661:14:OSA_MutexCreate	8	static
fsl_os_abstraction_bm.c:685:14:OSA_MutexLock	0	static
fsl_os_abstraction_bm.c:747:14:OSA_MutexUnlock	8	static
fsl_os_abstraction_bm.c:765:14:OSA_MutexDestroy	8	static
fsl_os_abstraction_bm.c:782:14:OSA_EventCreate	8	static
fsl_os_abstraction_bm.c:805:14:OSA_EventSet	0	static
fsl_os_abstraction_bm.c:830:14:OSA_EventClear	0	static
fsl_os_abstraction_bm.c:860:14:OSA_EventGet	4	static
fsl_os_abstraction_bm.c:892:14:OSA_EventWait	16	static
fsl_os_abstraction_bm.c:976:14:OSA_EventDestroy	8	static
fsl_os_abstraction_bm.c:995:14:OSA_MsgQCreate	8	static
fsl_os_abstraction_bm.c:1017:14:OSA_MsgQPut	16	static
fsl_os_abstraction_bm.c:1076:14:OSA_MsgQGet	16	static
fsl_os_abstraction_bm.c:1167:14:OSA_MsgQDestroy	8	static
fsl_os_abstraction_bm.c:1185:6:OSA_InterruptEnable	0	static
fsl_os_abstraction_bm.c:1195:6:OSA_InterruptDisable	0	static
fsl_os_abstraction_bm.c:241:6:OSA_DisableIRQGlobal	0	static
fsl_os_abstraction_bm.c:1206:6:OSA_InstallIntHandler	0	static
