fsl_sdmmc_host.c:117:13:SDMMCHOST_CardInterrupt	0	static
fsl_sdmmc_host.c:93:13:SDMMCHOST_DetectCardRemoveByHost	16	static
fsl_sdmmc_host.c:66:13:SDMMCHOST_DetectCardInsertByHost	16	static
fsl_sdmmc_host.c:271:13:SDMMCHOST_TransferCompleteCallback	0	static
fsl_sdmmc_host.c:132:10:SDMMCHOST_CardIntInit	4	static
fsl_sdmmc_host.c:188:10:SDMMCHOST_CardDetectStatus	16	static
fsl_sdmmc_host.c:141:10:SDMMCHOST_CardDetectInit	24	static
fsl_sdmmc_host.c:211:10:SDMMCHOST_PollingCardDetectStatus	40	static
fsl_sdmmc_host.c:258:10:SDMMCHOST_WaitCardDetectStatus	8	static
fsl_sdmmc_host.c:298:10:SDMMCHOST_TransferFunction	48	static
fsl_sdmmc_host.c:406:6:SDMMCHOST_SetCardPower	0	static
fsl_sdmmc_host.c:411:6:SDMMCHOST_PowerOffCard	8	static
fsl_sdmmc_host.c:420:6:SDMMCHOST_PowerOnCard	8	static
fsl_sdmmc_host.c:435:10:SDMMCHOST_Init	40	static
fsl_sdmmc_host.c:465:6:SDMMCHOST_Reset	16	static
fsl_sdmmc_host.c:491:6:SDMMCHOST_SetCardBusWidth	0	static
fsl_sdmmc_host.c:499:6:SDMMCHOST_Deinit	8	static
fsl_sdmmc_host.c:507:6:SDMMCHOST_SwitchToVoltage	0	static
fsl_sdmmc_host.c:520:10:SDMMCHOST_ExecuteStdTuning	88	static
fsl_sdmmc_host.c:592:10:SDMMCHOST_ReceiveTuningBlock	64	static
fsl_sdmmc_host.c:644:10:SDMMC_CheckTuningResult	12	static
fsl_sdmmc_host.c:668:10:SDMMCHOST_ExecuteManualTuning	56	static
fsl_sdmmc_host.c:741:10:SDMMCHOST_ExecuteTuning	4	static
fsl_sdmmc_host.c:752:10:SDMMCHOST_StartBoot	64	static
fsl_sdmmc_host.c:779:10:SDMMCHOST_ReadBootData	96	static
