fsl_usdhc.h:852:20:USDHC_EnableInternalDMA	16	static
fsl_usdhc.h:878:20:USDHC_EnableInterruptStatus	16	static
fsl_usdhc.h:889:20:USDHC_DisableInterruptStatus	16	static
fsl_usdhc.h:900:20:USDHC_EnableInterruptSignal	16	static
fsl_usdhc.h:911:20:USDHC_DisableInterruptSignal	16	static
fsl_usdhc.h:942:24:USDHC_GetInterruptStatusFlags	16	static
fsl_usdhc.h:953:20:USDHC_ClearInterruptStatusFlags	16	static
fsl_usdhc.h:988:24:USDHC_GetPresentStatusFlags	16	static
fsl_usdhc.h:1074:20:USDHC_SetDataBusWidth	16	static
fsl_usdhc.h:1100:24:USDHC_ReadData	16	static
fsl_usdhc.h:1138:20:USDHC_CardDetectByData3	16	static
fsl_usdhc.h:1233:20:USDHC_EnableMmcBoot	16	static
fsl_usdhc.h:1262:20:UDSHC_SelectVoltage	16	static
fsl_usdhc.h:1302:20:USDHC_EnableAutoTuning	16	static
fsl_usdhc.h:1359:20:USDHC_SetStandardTuningCounter	16	static
fsl_usdhc.h:1382:24:USDHC_GetExecuteStdTuningStatus	16	static
fsl_usdhc.h:1392:24:USDHC_CheckStdTuningResult	16	static
fsl_usdhc.h:1402:24:USDHC_CheckTuningError	16	static
fsl_usdhc.h:1425:20:USDHC_EnableHS400Mode	16	static
fsl_usdhc.h:1453:20:USDHC_EnableStrobeDLL	16	static
fsl_sdmmc_host.h:211:20:SDMMCHOST_EnableCardInt	16	static
fsl_sdmmc_host.c:66:13:SDMMCHOST_DetectCardInsertByHost	24	static
fsl_sdmmc_host.c:93:13:SDMMCHOST_DetectCardRemoveByHost	24	static
fsl_sdmmc_host.c:117:13:SDMMCHOST_CardInterrupt	24	static
fsl_sdmmc_host.c:132:10:SDMMCHOST_CardIntInit	16	static
fsl_sdmmc_host.c:141:10:SDMMCHOST_CardDetectInit	24	static
fsl_sdmmc_host.c:188:10:SDMMCHOST_CardDetectStatus	24	static
fsl_sdmmc_host.c:211:10:SDMMCHOST_PollingCardDetectStatus	32	static
fsl_sdmmc_host.c:258:10:SDMMCHOST_WaitCardDetectStatus	24	static
fsl_sdmmc_host.c:271:13:SDMMCHOST_TransferCompleteCallback	32	static
fsl_sdmmc_host.c:298:10:SDMMCHOST_TransferFunction	40	static
fsl_sdmmc_host.c:387:13:SDMMCHOST_ErrorRecovery	24	static
fsl_sdmmc_host.c:406:6:SDMMCHOST_SetCardPower	16	static
fsl_sdmmc_host.c:411:6:SDMMCHOST_PowerOffCard	16	static
fsl_sdmmc_host.c:420:6:SDMMCHOST_PowerOnCard	16	static
fsl_sdmmc_host.c:435:10:SDMMCHOST_Init	48	static
fsl_sdmmc_host.c:465:6:SDMMCHOST_Reset	24	static
fsl_sdmmc_host.c:491:6:SDMMCHOST_SetCardBusWidth	16	static
fsl_sdmmc_host.c:499:6:SDMMCHOST_Deinit	24	static
fsl_sdmmc_host.c:507:6:SDMMCHOST_SwitchToVoltage	16	static
fsl_sdmmc_host.c:520:10:SDMMCHOST_ExecuteStdTuning	96	static
fsl_sdmmc_host.c:592:10:SDMMCHOST_ReceiveTuningBlock	88	static
fsl_sdmmc_host.c:644:10:SDMMC_CheckTuningResult	32	static
fsl_sdmmc_host.c:668:10:SDMMCHOST_ExecuteManualTuning	48	static
fsl_sdmmc_host.c:741:10:SDMMCHOST_ExecuteTuning	24	static
fsl_sdmmc_host.c:752:10:SDMMCHOST_StartBoot	56	static
fsl_sdmmc_host.c:779:10:SDMMCHOST_ReadBootData	88	static
