fsl_ov5640.c:949:10:OV5640_Deinit	8	static
fsl_ov5640.c:956:10:OV5640_Control	0	static
fsl_ov5640.c:969:10:OV5640_Start	16	static
fsl_ov5640.c:976:10:OV5640_Stop	16	static
fsl_ov5640.c:1055:10:OV5640_SetLightMode	24	static
fsl_ov5640.c:1082:10:OV5640_SetSpecialEffect	24	static
fsl_ov5640.c:695:17:OV5640_LoadRegVal.isra.0	32	static
fsl_ov5640.c:793:10:OV5640_Init	56	static
fsl_ov5640.c:983:10:OV5640_InitExt	0	static
fsl_ov5640.c:988:10:OV5640_SetBrightness	24	static
fsl_ov5640.c:1012:10:OV5640_SetContrast	24	static
fsl_ov5640.c:1033:10:OV5640_SetSaturation	24	static
