fsl_dc_fb_lcdifv2.c:250:10:DC_FB_LCDIFV2_GetProperty	0	static
fsl_dc_fb_lcdifv2.c:71:10:DC_FB_LCDIFV2_Init	48	static
fsl_dc_fb_lcdifv2.c:114:10:DC_FB_LCDIFV2_Deinit	8	static
fsl_dc_fb_lcdifv2.c:130:10:DC_FB_LCDIFV2_EnableLayer	24	static
fsl_dc_fb_lcdifv2.c:159:10:DC_FB_LCDIFV2_DisableLayer	8	static
fsl_dc_fb_lcdifv2.c:204:10:DC_FB_LCDIFV2_GetLayerDefaultConfig	16	static
fsl_dc_fb_lcdifv2.c:220:10:DC_FB_LCDIFV2_SetFrameBuffer	8	static
fsl_dc_fb_lcdifv2.c:241:6:DC_FB_LCDIFV2_SetCallback	8	static
fsl_dc_fb_lcdifv2.c:175:10:DC_FB_LCDIFV2_SetLayerConfig	32	static
fsl_dc_fb_lcdifv2.c:255:6:DC_FB_LCDIFV2_IRQHandler	24	static
