jchuff.c:161:1:jpeg_make_c_derived_tbl	1360	static
jchuff.c:269:1:dump_buffer_s	24	static
jchuff.c:284:1:dump_buffer_e	24	static
jchuff.c:307:1:emit_bits_s	40	static
jchuff.c:349:1:emit_bits_e	40	static
jchuff.c:391:1:flush_bits_s	16	static
jchuff.c:402:1:flush_bits_e	16	static
jchuff.c:416:1:emit_dc_symbol	32	static
jchuff.c:429:1:emit_ac_symbol	32	static
jchuff.c:445:1:emit_buffered_bits	24	static
jchuff.c:464:1:emit_eobrun	24	static
jchuff.c:495:1:emit_restart_s	24	static
jchuff.c:516:1:emit_restart_e	24	static
jchuff.c:546:1:encode_mcu_DC_first	48	static
jchuff.c:629:1:encode_mcu_AC_first	64	static
jchuff.c:740:1:encode_mcu_DC_refine	32	static
jchuff.c:783:1:encode_mcu_AC_refine	320	static
jchuff.c:913:1:encode_one_block	56	static
jchuff.c:1013:1:encode_mcu_huff	88	static
jchuff.c:1070:1:finish_pass_huff	64	static
jchuff.c:1119:1:htest_one_block	48	static
jchuff.c:1194:1:encode_mcu_gather	48	static
jchuff.c:1253:1:jpeg_gen_optimal_table	2144	static
jchuff.c:1394:1:finish_pass_gather	48	static
jchuff.c:1448:1:start_pass_huff	32	static
jchuff.c:1554:1:jinit_huff_encoder	24	static
