jcmarker.c:110:1:emit_byte	16	static
jcmarker.c:133:1:emit_2bytes	16	static
jcmarker.c:146:1:emit_dqt	24	static
jcmarker.c:187:1:emit_dht	32	static
jcmarker.c:317:1:emit_sof	16	static
jcmarker.c:613:1:write_scan_header	64	static
jcmarker.c:545:1:write_frame_header	24	static
jcmarker.c:488:1:write_marker_header	16	static
jcmarker.c:500:1:write_marker_byte	0	static
jcmarker.c:519:1:write_file_header	16	static
jcmarker.c:657:1:write_file_trailer	8	static
jcmarker.c:671:1:write_tables_only	24	static
jcmarker.c:700:1:jinit_marker_writer	16	static
