jdmarker.c:242:1:get_sof	40	static
jdmarker.c:722:1:examine_app0	32	static
jdmarker.c:984:1:skip_variable	32	static
jdmarker.c:1013:1:next_marker	32	static
jdmarker.c:1395:1:reset_marker_reader	0	static
jdmarker.c:461:1:get_dht	328	static
jdmarker.c:1096:1:read_markers	56	static
jdmarker.c:799:1:examine_app14	24	static
jdmarker.c:830:1:get_interesting_appn	56	static
jdmarker.c:878:1:save_marker	48	static
jdmarker.c:1266:1:read_restart_marker	16	static
jdmarker.c:1345:1:jpeg_resync_to_restart	24	static
jdmarker.c:1415:1:jinit_marker_reader	24	static
jdmarker.c:1453:1:jpeg_save_markers	8	static
jdmarker.c:1502:1:jpeg_set_marker_processor	8	static
