jfdctint.c:158:1:jpeg_fdct_islow	72	static
jfdctint.c:335:1:jpeg_fdct_7x7	64	static
jfdctint.c:471:1:jpeg_fdct_6x6	48	static
jfdctint.c:585:1:jpeg_fdct_5x5	48	static
jfdctint.c:696:1:jpeg_fdct_4x4	40	static
jfdctint.c:791:1:jpeg_fdct_3x3	24	static
jfdctint.c:877:1:jpeg_fdct_2x2	16	static
jfdctint.c:922:1:jpeg_fdct_1x1	16	static
jfdctint.c:943:1:jpeg_fdct_9x9	96	static
jfdctint.c:1094:1:jpeg_fdct_10x10	136	static
jfdctint.c:1258:1:jpeg_fdct_11x11	200	static
jfdctint.c:1442:1:jpeg_fdct_12x12	216	static
jfdctint.c:1608:1:jpeg_fdct_13x13	272	static
jfdctint.c:1808:1:jpeg_fdct_14x14	296	static
jfdctint.c:2009:1:jpeg_fdct_15x15	328	static
jfdctint.c:2189:1:jpeg_fdct_16x16	376	static
jfdctint.c:2399:1:jpeg_fdct_16x8	128	static
jfdctint.c:2582:1:jpeg_fdct_14x7	112	static
jfdctint.c:2747:1:jpeg_fdct_12x6	96	static
jfdctint.c:2887:1:jpeg_fdct_10x5	80	static
jfdctint.c:3020:1:jpeg_fdct_8x4	72	static
jfdctint.c:3161:1:jpeg_fdct_6x3	48	static
jfdctint.c:3262:1:jpeg_fdct_4x2	40	static
jfdctint.c:3346:1:jpeg_fdct_2x1	16	static
jfdctint.c:3381:1:jpeg_fdct_8x16	360	static
jfdctint.c:3575:1:jpeg_fdct_7x14	288	static
jfdctint.c:3757:1:jpeg_fdct_6x12	216	static
jfdctint.c:3907:1:jpeg_fdct_5x10	128	static
jfdctint.c:4054:1:jpeg_fdct_4x8	56	static
jfdctint.c:4195:1:jpeg_fdct_3x6	40	static
jfdctint.c:4301:1:jpeg_fdct_2x4	24	static
jfdctint.c:4381:1:jpeg_fdct_1x2	16	static
