jidctint.c:173:1:jpeg_idct_islow	328	static
jidctint.c:438:1:jpeg_idct_7x7	264	static
jidctint.c:589:1:jpeg_idct_6x6	192	static
jidctint.c:712:1:jpeg_idct_5x5	152	static
jidctint.c:829:1:jpeg_idct_4x4	112	static
jidctint.c:936:1:jpeg_idct_3x3	80	static
jidctint.c:1027:1:jpeg_idct_2x2	20	static
jidctint.c:1082:1:jpeg_idct_1x1	8	static
jidctint.c:1113:1:jpeg_idct_9x9	360	static
jidctint.c:1286:1:jpeg_idct_10x10	392	static
jidctint.c:1483:1:jpeg_idct_11x11	456	static
jidctint.c:1679:1:jpeg_idct_12x12	464	static
jidctint.c:1897:1:jpeg_idct_13x13	520	static
jidctint.c:2127:1:jpeg_idct_14x14	560	static
jidctint.c:2355:1:jpeg_idct_15x15	592	static
jidctint.c:2599:1:jpeg_idct_16x16	640	static
jidctint.c:2862:1:jpeg_idct_16x8	344	static
jidctint.c:3139:1:jpeg_idct_14x7	296	static
jidctint.c:3338:1:jpeg_idct_12x6	272	static
jidctint.c:3518:1:jpeg_idct_10x5	232	static
jidctint.c:3683:1:jpeg_idct_8x4	184	static
jidctint.c:3843:1:jpeg_idct_6x3	120	static
jidctint.c:3957:1:jpeg_idct_4x2	80	static
jidctint.c:4048:1:jpeg_idct_2x1	12	static
jidctint.c:4090:1:jpeg_idct_8x16	640	static
jidctint.c:4314:1:jpeg_idct_7x14	496	static
jidctint.c:4501:1:jpeg_idct_6x12	368	static
jidctint.c:4669:1:jpeg_idct_5x10	272	static
jidctint.c:4825:1:jpeg_idct_4x8	200	static
jidctint.c:5012:1:jpeg_idct_3x6	128	static
jidctint.c:5120:1:jpeg_idct_2x4	80	static
jidctint.c:5207:1:jpeg_idct_1x2	12	static
