jmemmgr.c:726:1:do_barray_io	56	static
jmemmgr.c:260:1:alloc_small	48	static
jmemmgr.c:556:1:request_virt_barray	24	static
jmemmgr.c:526:1:request_virt_sarray	24	static
jmemmgr.c:933:1:free_pool	24	static
jmemmgr.c:1005:1:self_destruct	8	static
jmemmgr.c:844:1:access_virt_barray	32	static
jmemmgr.c:345:1:alloc_large	24	static
jmemmgr.c:446:1:alloc_barray	32	static
jmemmgr.c:398:1:alloc_sarray	32	static
jmemmgr.c:586:1:realize_virt_arrays	32	static
jmemmgr.c:759:1:access_virt_sarray	72	static
jmemmgr.c:1031:1:jinit_memory_mgr	24	static
