fsl_sd.c:673:17:SD_SwitchFunction	88	static
fsl_sd.c:823:17:SD_SelectFunction	48	static
fsl_sd.c:462:17:SD_Transfer.part.0	88	static
fsl_sd.c:564:17:SD_PollingCardStatusBusy	80	static
fsl_sd.c:1380:10:SD_ReadStatus	88	static
fsl_sd.c:1449:10:SD_SelectCard	8	static
fsl_sd.c:1456:10:SD_SetDriverStrength	8	static
fsl_sd.c:1468:10:SD_SetMaxCurrent	8	static
fsl_sd.c:1664:6:SD_CheckReadOnly	8	static
fsl_sd.c:1672:10:SD_ReadBlocks	120	static
fsl_sd.c:1729:10:SD_WriteBlocks	192	static
fsl_sd.c:1783:10:SD_EraseBlocks	96	static
fsl_sd.c:2020:6:SD_CardDeinit	8	static
fsl_sd.c:2027:10:SD_HostInit	8	static
fsl_sd.c:2048:6:SD_HostDeinit	8	static
fsl_sd.c:2057:6:SD_SetCardPower	8	static
fsl_sd.c:1843:10:SD_ProbeBusVoltage	88	static
fsl_sd.c:1946:10:SD_CardInit	88	static
fsl_sd.c:2073:6:SD_IsCardPresent	8	static
fsl_sd.c:2102:10:SD_PollingCardInsert	16	static
fsl_sd.c:2147:10:SD_Init	8	static
fsl_sd.c:2174:6:SD_Deinit	8	static
fsl_sd.c:2182:6:SD_HostDoReset	0	static
fsl_sd.c:2187:6:SD_HostReset	0	static
fsl_sd.c:2192:6:SD_PowerOnCard	0	static
fsl_sd.c:2197:6:SD_PowerOffCard	0	static
fsl_sd.c:2202:10:SD_WaitCardDetectStatus	0	static
