fsl_usdhc.h:988:24:USDHC_GetPresentStatusFlags	16	static
fsl_usdhc.h:1014:20:USDHC_ForceClockOn	16	static
fsl_sdmmc_host.h:168:20:SDMMCHOST_SendCardActive	16	static
fsl_sdmmc_host.h:179:24:SDMMCHOST_SetCardClock	16	static
fsl_sdmmc_host.h:189:20:SDMMCHOST_IsCardBusy	16	static
fsl_sdmmc_host.h:202:24:SDMMCHOST_GetSignalLineStatus	16	static
fsl_sdmmc_host.h:233:20:SDMMCHOST_EnableDDRMode	24	static
fsl_sdmmc_host.h:311:20:SDMMCHOST_ForceClockOn	16	static
fsl_sd.c:332:17:SD_SendApplicationCmd	16	static
fsl_sd.c:339:17:SD_GoIdle	16	static
fsl_sd.c:346:17:SD_SetBlockSize	16	static
fsl_sd.c:354:17:SD_ExecuteTuning	16	static
fsl_sd.c:363:17:SD_SwitchVoltage	64	static
fsl_sd.c:436:10:SD_StopTransmission	64	static
fsl_sd.c:462:17:SD_Transfer	32	static
fsl_sd.c:527:17:SD_WaitWriteComplete	72	static
fsl_sd.c:564:17:SD_PollingCardStatusBusy	32	static
fsl_sd.c:600:17:SD_SendWriteSuccessBlocks	96	static
fsl_sd.c:645:17:SD_SendRca	64	static
fsl_sd.c:673:17:SD_SwitchFunction	96	static
fsl_sd.c:704:13:SD_DecodeScr	24	static
fsl_sd.c:762:17:SD_SendScr	112	static
fsl_sd.c:823:17:SD_SelectFunction	136	static
fsl_sd.c:936:17:SD_SetDataBusWidth	64	static
fsl_sd.c:974:13:SD_DecodeCsd	24	static
fsl_sd.c:1075:17:SD_SendCsd	64	static
fsl_sd.c:1105:13:SD_DecodeCid	24	static
fsl_sd.c:1130:17:SD_AllSendCid	64	static
fsl_sd.c:1154:17:SD_ApplicationSendOperationCondition	72	static
fsl_sd.c:1209:17:SD_SendInterfaceCondition	72	static
fsl_sd.c:1248:17:SD_SelectBusTiming	24	static
fsl_sd.c:1361:13:SD_DecodeStatus	16	static
fsl_sd.c:1380:10:SD_ReadStatus	104	static
fsl_sd.c:1449:10:SD_SelectCard	16	static
fsl_sd.c:1456:10:SD_SetDriverStrength	24	static
fsl_sd.c:1468:10:SD_SetMaxCurrent	24	static
fsl_sd.c:1480:17:SD_Read	88	static
fsl_sd.c:1524:17:SD_Write	96	static
fsl_sd.c:1591:17:SD_Erase	80	static
fsl_sd.c:1664:6:SD_CheckReadOnly	16	static
fsl_sd.c:1672:10:SD_ReadBlocks	56	static
fsl_sd.c:1729:10:SD_WriteBlocks	56	static
fsl_sd.c:1783:10:SD_EraseBlocks	48	static
fsl_sd.c:1843:10:SD_ProbeBusVoltage	24	static
fsl_sd.c:1946:10:SD_CardInit	16	static
fsl_sd.c:2020:6:SD_CardDeinit	16	static
fsl_sd.c:2027:10:SD_HostInit	16	static
fsl_sd.c:2048:6:SD_HostDeinit	16	static
fsl_sd.c:2057:6:SD_SetCardPower	16	static
fsl_sd.c:2073:6:SD_IsCardPresent	16	static
fsl_sd.c:2102:10:SD_PollingCardInsert	16	static
fsl_sd.c:2147:10:SD_Init	16	static
fsl_sd.c:2174:6:SD_Deinit	16	static
fsl_sd.c:2182:6:SD_HostDoReset	16	static
fsl_sd.c:2187:6:SD_HostReset	16	static
fsl_sd.c:2192:6:SD_PowerOnCard	16	static
fsl_sd.c:2197:6:SD_PowerOffCard	16	static
fsl_sd.c:2202:10:SD_WaitCardDetectStatus	24	static
